Archive member included to satisfy reference by file (symbol)

c:/program files/microchip/xc8/v2.36/avr/bin/../lib/gcc/avr/5.4.0/../../../../avr/lib/avr5/memx-const\libm.a(addsf3.o)
                              HAL/LCD/LCD_Prog.o (__subsf3)
c:/program files/microchip/xc8/v2.36/avr/bin/../lib/gcc/avr/5.4.0/../../../../avr/lib/avr5/memx-const\libm.a(addsf3x.o)
                              c:/program files/microchip/xc8/v2.36/avr/bin/../lib/gcc/avr/5.4.0/../../../../avr/lib/avr5/memx-const\libm.a(addsf3.o) (__addsf3x)
c:/program files/microchip/xc8/v2.36/avr/bin/../lib/gcc/avr/5.4.0/../../../../avr/lib/avr5/memx-const\libm.a(cmpsf2.o)
                              MCAL/Timer/Timer_Prog.o (__eqsf2)
c:/program files/microchip/xc8/v2.36/avr/bin/../lib/gcc/avr/5.4.0/../../../../avr/lib/avr5/memx-const\libm.a(divsf3.o)
                              APP/main.o (__divsf3)
c:/program files/microchip/xc8/v2.36/avr/bin/../lib/gcc/avr/5.4.0/../../../../avr/lib/avr5/memx-const\libm.a(divsf3x.o)
                              c:/program files/microchip/xc8/v2.36/avr/bin/../lib/gcc/avr/5.4.0/../../../../avr/lib/avr5/memx-const\libm.a(divsf3.o) (__divsf3x)
c:/program files/microchip/xc8/v2.36/avr/bin/../lib/gcc/avr/5.4.0/../../../../avr/lib/avr5/memx-const\libm.a(fixsfsi.o)
                              HAL/LCD/LCD_Prog.o (__fixsfsi)
c:/program files/microchip/xc8/v2.36/avr/bin/../lib/gcc/avr/5.4.0/../../../../avr/lib/avr5/memx-const\libm.a(fixunssfsi.o)
                              HAL/LCD/LCD_Prog.o (__fixunssfsi)
c:/program files/microchip/xc8/v2.36/avr/bin/../lib/gcc/avr/5.4.0/../../../../avr/lib/avr5/memx-const\libm.a(floatsisf.o)
                              APP/main.o (__floatunsisf)
c:/program files/microchip/xc8/v2.36/avr/bin/../lib/gcc/avr/5.4.0/../../../../avr/lib/avr5/memx-const\libm.a(fp_cmp.o)
                              c:/program files/microchip/xc8/v2.36/avr/bin/../lib/gcc/avr/5.4.0/../../../../avr/lib/avr5/memx-const\libm.a(cmpsf2.o) (__fp_cmp)
c:/program files/microchip/xc8/v2.36/avr/bin/../lib/gcc/avr/5.4.0/../../../../avr/lib/avr5/memx-const\libm.a(fp_inf.o)
                              c:/program files/microchip/xc8/v2.36/avr/bin/../lib/gcc/avr/5.4.0/../../../../avr/lib/avr5/memx-const\libm.a(addsf3x.o) (__fp_inf)
c:/program files/microchip/xc8/v2.36/avr/bin/../lib/gcc/avr/5.4.0/../../../../avr/lib/avr5/memx-const\libm.a(fp_nan.o)
                              c:/program files/microchip/xc8/v2.36/avr/bin/../lib/gcc/avr/5.4.0/../../../../avr/lib/avr5/memx-const\libm.a(addsf3x.o) (__fp_nan)
c:/program files/microchip/xc8/v2.36/avr/bin/../lib/gcc/avr/5.4.0/../../../../avr/lib/avr5/memx-const\libm.a(fp_pscA.o)
                              c:/program files/microchip/xc8/v2.36/avr/bin/../lib/gcc/avr/5.4.0/../../../../avr/lib/avr5/memx-const\libm.a(addsf3x.o) (__fp_pscA)
c:/program files/microchip/xc8/v2.36/avr/bin/../lib/gcc/avr/5.4.0/../../../../avr/lib/avr5/memx-const\libm.a(fp_pscB.o)
                              c:/program files/microchip/xc8/v2.36/avr/bin/../lib/gcc/avr/5.4.0/../../../../avr/lib/avr5/memx-const\libm.a(addsf3x.o) (__fp_pscB)
c:/program files/microchip/xc8/v2.36/avr/bin/../lib/gcc/avr/5.4.0/../../../../avr/lib/avr5/memx-const\libm.a(fp_round.o)
                              c:/program files/microchip/xc8/v2.36/avr/bin/../lib/gcc/avr/5.4.0/../../../../avr/lib/avr5/memx-const\libm.a(addsf3.o) (__fp_round)
c:/program files/microchip/xc8/v2.36/avr/bin/../lib/gcc/avr/5.4.0/../../../../avr/lib/avr5/memx-const\libm.a(fp_split3.o)
                              c:/program files/microchip/xc8/v2.36/avr/bin/../lib/gcc/avr/5.4.0/../../../../avr/lib/avr5/memx-const\libm.a(addsf3x.o) (__fp_split3)
c:/program files/microchip/xc8/v2.36/avr/bin/../lib/gcc/avr/5.4.0/../../../../avr/lib/avr5/memx-const\libm.a(fp_zero.o)
                              c:/program files/microchip/xc8/v2.36/avr/bin/../lib/gcc/avr/5.4.0/../../../../avr/lib/avr5/memx-const\libm.a(addsf3x.o) (__fp_zero)
c:/program files/microchip/xc8/v2.36/avr/bin/../lib/gcc/avr/5.4.0/../../../../avr/lib/avr5/memx-const\libm.a(gesf2.o)
                              APP/main.o (__gtsf2)
c:/program files/microchip/xc8/v2.36/avr/bin/../lib/gcc/avr/5.4.0/../../../../avr/lib/avr5/memx-const\libm.a(mulsf3.o)
                              APP/main.o (__mulsf3)
c:/program files/microchip/xc8/v2.36/avr/bin/../lib/gcc/avr/5.4.0/../../../../avr/lib/avr5/memx-const\libm.a(mulsf3x.o)
                              c:/program files/microchip/xc8/v2.36/avr/bin/../lib/gcc/avr/5.4.0/../../../../avr/lib/avr5/memx-const\libm.a(mulsf3.o) (__mulsf3x)
c:/program files/microchip/xc8/v2.36/avr/bin/../lib/gcc/avr/5.4.0/avr5/memx-const\libgcc.a(_udivmodsi4.o)
                              HAL/LCD/LCD_Prog.o (__udivmodsi4)
c:/program files/microchip/xc8/v2.36/avr/bin/../lib/gcc/avr/5.4.0/avr5/memx-const\libgcc.a(_divmodsi4.o)
                              HAL/LCD/LCD_Prog.o (__divmodsi4)
c:/program files/microchip/xc8/v2.36/avr/bin/../lib/gcc/avr/5.4.0/avr5/memx-const\libgcc.a(_negsi2.o)
                              c:/program files/microchip/xc8/v2.36/avr/bin/../lib/gcc/avr/5.4.0/avr5/memx-const\libgcc.a(_divmodsi4.o) (__negsi2)
c:/program files/microchip/xc8/v2.36/avr/bin/../lib/gcc/avr/5.4.0/avr5/memx-const\libgcc.a(_tablejump2.o)
                              HAL/SSD/SSD_Prog.o (__tablejump2__)
c:/program files/microchip/xc8/v2.36/avr/bin/../lib/gcc/avr/5.4.0/avr5/memx-const\libgcc.a(_copy_data.o)
                              APP/main.o (__do_copy_data)
c:/program files/microchip/xc8/v2.36/avr/bin/../lib/gcc/avr/5.4.0/avr5/memx-const\libgcc.a(_muluhisi3.o)
                              MCAL/Timer/Timer_Prog.o (__muluhisi3)
c:/program files/microchip/xc8/v2.36/avr/bin/../lib/gcc/avr/5.4.0/avr5/memx-const\libgcc.a(_movmemx.o)
                              APP/main.o (__movmemx_qi)
c:/program files/microchip/xc8/v2.36/avr/bin/../lib/gcc/avr/5.4.0/avr5/memx-const\libgcc.a(_umulhisi3.o)
                              c:/program files/microchip/xc8/v2.36/avr/bin/../lib/gcc/avr/5.4.0/avr5/memx-const\libgcc.a(_muluhisi3.o) (__umulhisi3)
c:/program files/microchip/xc8/v2.36/avr/bin/../lib/gcc/avr/5.4.0/../../../../avr/lib/avr5/memx-const\libc.a(exit.o)
                              C:/Program Files (x86)/Atmel/Studio/7.0/Packs/atmel/ATmega_DFP/1.7.374/xc8/avr/lib/avr5/memx-const/crtatmega32.o (exit)
c:/program files/microchip/xc8/v2.36/avr/bin/../lib/gcc/avr/5.4.0/../../../../avr/lib/avr5/memx-const\libc.a(_Exit.o)
                              c:/program files/microchip/xc8/v2.36/avr/bin/../lib/gcc/avr/5.4.0/../../../../avr/lib/avr5/memx-const\libc.a(exit.o) (_Exit)
c:/program files/microchip/xc8/v2.36/avr/bin/../lib/gcc/avr/5.4.0/avr5/memx-const\libgcc.a(_exit.o)
                              c:/program files/microchip/xc8/v2.36/avr/bin/../lib/gcc/avr/5.4.0/../../../../avr/lib/avr5/memx-const\libc.a(_Exit.o) (_exit)

Allocating common symbols
Common symbol       size              file

Timer2_CallBack     0x2               MCAL/Timer/Timer_Prog.o
UART_CallBack       0x2               MCAL/UART/UART_Prog.o
KeyPad_CallBack     0x2               HAL/KeyPad/KeyPad_Prog.o
Global_A_U8_UARTInput
                    0x1               APP/main.o
LCD_CallBack        0x2               HAL/LCD/LCD_Prog.o
Timer1_CallBack     0x2               MCAL/Timer/Timer_Prog.o
Timer0_CallBack     0x2               MCAL/Timer/Timer_Prog.o
Global_A_U8P_TempLow
                    0x1               APP/main.o
Global_A_U8P_TempHigh
                    0x1               APP/main.o

Discarded input sections

 .data          0x0000000000000000        0x0 C:/Program Files (x86)/Atmel/Studio/7.0/Packs/atmel/ATmega_DFP/1.7.374/xc8/avr/lib/avr5/memx-const/crtatmega32.o
 .bss           0x0000000000000000        0x0 C:/Program Files (x86)/Atmel/Studio/7.0/Packs/atmel/ATmega_DFP/1.7.374/xc8/avr/lib/avr5/memx-const/crtatmega32.o
 .text          0x0000000000000000        0x0 APP/main.o
 .data          0x0000000000000000        0x0 APP/main.o
 .bss           0x0000000000000000        0x0 APP/main.o
 .text          0x0000000000000000        0x0 HAL/Buzzer/Buzzer_Prog.o
 .data          0x0000000000000000        0x0 HAL/Buzzer/Buzzer_Prog.o
 .bss           0x0000000000000000        0x0 HAL/Buzzer/Buzzer_Prog.o
 .text.H_Buzzer_Void_BuzzerAlarm
                0x0000000000000000       0x86 HAL/Buzzer/Buzzer_Prog.o
 .text          0x0000000000000000        0x0 HAL/DCMotor/DCMotor_Prog.o
 .data          0x0000000000000000        0x0 HAL/DCMotor/DCMotor_Prog.o
 .bss           0x0000000000000000        0x0 HAL/DCMotor/DCMotor_Prog.o
 .text.H_DCMotor_Void_DCMotorInit
                0x0000000000000000       0x18 HAL/DCMotor/DCMotor_Prog.o
 .text.H_DCMotor_Void_DCMotorSetSpeed
                0x0000000000000000       0x10 HAL/DCMotor/DCMotor_Prog.o
 .text.H_DCMotor_Void_DCMotorSetDirection
                0x0000000000000000       0x2e HAL/DCMotor/DCMotor_Prog.o
 .text.H_DCMotor_Void_DCMotorStart
                0x0000000000000000        0x8 HAL/DCMotor/DCMotor_Prog.o
 .text.H_DCMotor_Void_DCMotorStop
                0x0000000000000000        0x8 HAL/DCMotor/DCMotor_Prog.o
 .text.H_DCMotor_Void_ACMotorStart
                0x0000000000000000        0xa HAL/DCMotor/DCMotor_Prog.o
 .text.H_DCMotor_Void_ACMotorStop
                0x0000000000000000        0xa HAL/DCMotor/DCMotor_Prog.o
 .text          0x0000000000000000        0x0 HAL/KeyPad/KeyPad_Prog.o
 .data          0x0000000000000000        0x0 HAL/KeyPad/KeyPad_Prog.o
 .bss           0x0000000000000000        0x0 HAL/KeyPad/KeyPad_Prog.o
 .text.H_KeyPad_U8_KeyPadGetUser
                0x0000000000000000      0x18e HAL/KeyPad/KeyPad_Prog.o
 .text.H_KeyPad_Void_SetCallBack
                0x0000000000000000        0xa HAL/KeyPad/KeyPad_Prog.o
 .bss.Local_U8_ArrUser.1994
                0x0000000000000000        0x8 HAL/KeyPad/KeyPad_Prog.o
 COMMON         0x0000000000000000        0x2 HAL/KeyPad/KeyPad_Prog.o
 .text          0x0000000000000000        0x0 HAL/LCD/LCD_Prog.o
 .data          0x0000000000000000        0x0 HAL/LCD/LCD_Prog.o
 .bss           0x0000000000000000        0x0 HAL/LCD/LCD_Prog.o
 .text.H_LCD_Void_LCDWelcome
                0x0000000000000000      0x136 HAL/LCD/LCD_Prog.o
 .text.H_LCD_Void_SetCallBack
                0x0000000000000000        0xa HAL/LCD/LCD_Prog.o
 .text.H_LCD_Void_LCDUserCheck
                0x0000000000000000       0x62 HAL/LCD/LCD_Prog.o
 .text.H_LCD_Void_LCDAccessDenied
                0x0000000000000000       0x20 HAL/LCD/LCD_Prog.o
 COMMON         0x0000000000000000        0x2 HAL/LCD/LCD_Prog.o
 .text          0x0000000000000000        0x0 HAL/LED/LED_Prog.o
 .data          0x0000000000000000        0x0 HAL/LED/LED_Prog.o
 .bss           0x0000000000000000        0x0 HAL/LED/LED_Prog.o
 .text.H_LED_Void_LedTog
                0x0000000000000000       0x4c HAL/LED/LED_Prog.o
 .text          0x0000000000000000        0x0 HAL/SSD/SSD_Prog.o
 .data          0x0000000000000000        0x0 HAL/SSD/SSD_Prog.o
 .bss           0x0000000000000000        0x0 HAL/SSD/SSD_Prog.o
 .text.H_SSD_Void_SSDDigitDisplay
                0x0000000000000000      0x168 HAL/SSD/SSD_Prog.o
 .progmem.gcc_sw_table.H_SSD_Void_SSDDigitDisplay
                0x0000000000000000       0x14 HAL/SSD/SSD_Prog.o
 .text.H_SSD_Void_SSDInit
                0x0000000000000000       0x32 HAL/SSD/SSD_Prog.o
 .text.H_SSD_Void_SSDWriteNumber
                0x0000000000000000       0xa6 HAL/SSD/SSD_Prog.o
 .debug_info    0x0000000000000000      0x958 HAL/SSD/SSD_Prog.o
 .debug_abbrev  0x0000000000000000      0x143 HAL/SSD/SSD_Prog.o
 .debug_loc     0x0000000000000000      0x29e HAL/SSD/SSD_Prog.o
 .debug_aranges
                0x0000000000000000       0x30 HAL/SSD/SSD_Prog.o
 .debug_ranges  0x0000000000000000       0x20 HAL/SSD/SSD_Prog.o
 .debug_line    0x0000000000000000      0x2f9 HAL/SSD/SSD_Prog.o
 .debug_str     0x0000000000000000       0x41 HAL/SSD/SSD_Prog.o
 .comment       0x0000000000000000       0x30 HAL/SSD/SSD_Prog.o
 .debug_frame   0x0000000000000000       0x64 HAL/SSD/SSD_Prog.o
 .text          0x0000000000000000        0x0 MCAL/ADC/ADC_Prog.o
 .data          0x0000000000000000        0x0 MCAL/ADC/ADC_Prog.o
 .bss           0x0000000000000000        0x0 MCAL/ADC/ADC_Prog.o
 .text          0x0000000000000000        0x0 MCAL/DIO/DIO_Prog.o
 .data          0x0000000000000000        0x0 MCAL/DIO/DIO_Prog.o
 .bss           0x0000000000000000        0x0 MCAL/DIO/DIO_Prog.o
 .text.M_DIO_Void_TogPin
                0x0000000000000000       0x94 MCAL/DIO/DIO_Prog.o
 .text          0x0000000000000000        0x0 MCAL/GIE/GIE_Prog.o
 .data          0x0000000000000000        0x0 MCAL/GIE/GIE_Prog.o
 .bss           0x0000000000000000        0x0 MCAL/GIE/GIE_Prog.o
 .text.M_GIE_Void_GlobalInterruptDisable
                0x0000000000000000        0x8 MCAL/GIE/GIE_Prog.o
 .text          0x0000000000000000        0x0 MCAL/Timer/Timer_Prog.o
 .data          0x0000000000000000        0x0 MCAL/Timer/Timer_Prog.o
 .bss           0x0000000000000000        0x0 MCAL/Timer/Timer_Prog.o
 .text.M_Timer_Void_TimerInit
                0x0000000000000000       0x18 MCAL/Timer/Timer_Prog.o
 .text.M_Timer_Void_TimerSetTime
                0x0000000000000000       0x84 MCAL/Timer/Timer_Prog.o
 .text.M_Timer_Void_TimerStart
                0x0000000000000000       0x48 MCAL/Timer/Timer_Prog.o
 .text.M_Timer_Void_TimerStop
                0x0000000000000000       0x48 MCAL/Timer/Timer_Prog.o
 .text.M_Timer_Void_PWMInit
                0x0000000000000000       0x7e MCAL/Timer/Timer_Prog.o
 .text.M_Timer_Void_PWMSetDutyCycle
                0x0000000000000000       0xce MCAL/Timer/Timer_Prog.o
 .text.M_Timer_Void_PWMSetFreaquancy
                0x0000000000000000       0x1a MCAL/Timer/Timer_Prog.o
 .text.M_Timer_Void_PWMStart
                0x0000000000000000        0x6 MCAL/Timer/Timer_Prog.o
 .text.M_Timer_Void_PWMStop
                0x0000000000000000        0x6 MCAL/Timer/Timer_Prog.o
 .text.M_Timer_Void_SetCallBack
                0x0000000000000000       0x2a MCAL/Timer/Timer_Prog.o
 .bss.Timer_U32_NumOfCompareMatch
                0x0000000000000000        0x4 MCAL/Timer/Timer_Prog.o
 .text          0x0000000000000000        0x0 MCAL/UART/UART_Prog.o
 .data          0x0000000000000000        0x0 MCAL/UART/UART_Prog.o
 .bss           0x0000000000000000        0x0 MCAL/UART/UART_Prog.o
 .text.M_UART_Void_UARTSend
                0x0000000000000000       0x22 MCAL/UART/UART_Prog.o
 .text.M_UART_Void_UARTRec
                0x0000000000000000        0x8 MCAL/UART/UART_Prog.o
 .text.M_UART_Void_UARTClear
                0x0000000000000000        0x4 MCAL/UART/UART_Prog.o
 .text.M_UART_Void_UARTSendString
                0x0000000000000000       0x38 MCAL/UART/UART_Prog.o
 .text.M_UART_Void_UARTDeinit
                0x0000000000000000        0xe MCAL/UART/UART_Prog.o
 .data          0x0000000000000000        0x0 c:/program files/microchip/xc8/v2.36/avr/bin/../lib/gcc/avr/5.4.0/../../../../avr/lib/avr5/memx-const\libm.a(addsf3.o)
 .bss           0x0000000000000000        0x0 c:/program files/microchip/xc8/v2.36/avr/bin/../lib/gcc/avr/5.4.0/../../../../avr/lib/avr5/memx-const\libm.a(addsf3.o)
 .stack.descriptors
                0x0000000000000000       0x2c c:/program files/microchip/xc8/v2.36/avr/bin/../lib/gcc/avr/5.4.0/../../../../avr/lib/avr5/memx-const\libm.a(addsf3.o)
 .data          0x0000000000000000        0x0 c:/program files/microchip/xc8/v2.36/avr/bin/../lib/gcc/avr/5.4.0/../../../../avr/lib/avr5/memx-const\libm.a(addsf3x.o)
 .bss           0x0000000000000000        0x0 c:/program files/microchip/xc8/v2.36/avr/bin/../lib/gcc/avr/5.4.0/../../../../avr/lib/avr5/memx-const\libm.a(addsf3x.o)
 .stack.descriptors
                0x0000000000000000       0x17 c:/program files/microchip/xc8/v2.36/avr/bin/../lib/gcc/avr/5.4.0/../../../../avr/lib/avr5/memx-const\libm.a(addsf3x.o)
 .text          0x0000000000000000        0xa c:/program files/microchip/xc8/v2.36/avr/bin/../lib/gcc/avr/5.4.0/../../../../avr/lib/avr5/memx-const\libm.a(cmpsf2.o)
 .data          0x0000000000000000        0x0 c:/program files/microchip/xc8/v2.36/avr/bin/../lib/gcc/avr/5.4.0/../../../../avr/lib/avr5/memx-const\libm.a(cmpsf2.o)
 .bss           0x0000000000000000        0x0 c:/program files/microchip/xc8/v2.36/avr/bin/../lib/gcc/avr/5.4.0/../../../../avr/lib/avr5/memx-const\libm.a(cmpsf2.o)
 .stack.descriptors.hdr
                0x0000000000000000        0xe c:/program files/microchip/xc8/v2.36/avr/bin/../lib/gcc/avr/5.4.0/../../../../avr/lib/avr5/memx-const\libm.a(cmpsf2.o)
 .stack.descriptors
                0x0000000000000000       0x6a c:/program files/microchip/xc8/v2.36/avr/bin/../lib/gcc/avr/5.4.0/../../../../avr/lib/avr5/memx-const\libm.a(cmpsf2.o)
 .note.GNU-stack
                0x0000000000000000        0x0 c:/program files/microchip/xc8/v2.36/avr/bin/../lib/gcc/avr/5.4.0/../../../../avr/lib/avr5/memx-const\libm.a(cmpsf2.o)
 .data          0x0000000000000000        0x0 c:/program files/microchip/xc8/v2.36/avr/bin/../lib/gcc/avr/5.4.0/../../../../avr/lib/avr5/memx-const\libm.a(divsf3.o)
 .bss           0x0000000000000000        0x0 c:/program files/microchip/xc8/v2.36/avr/bin/../lib/gcc/avr/5.4.0/../../../../avr/lib/avr5/memx-const\libm.a(divsf3.o)
 .stack.descriptors
                0x0000000000000000       0x16 c:/program files/microchip/xc8/v2.36/avr/bin/../lib/gcc/avr/5.4.0/../../../../avr/lib/avr5/memx-const\libm.a(divsf3.o)
 .data          0x0000000000000000        0x0 c:/program files/microchip/xc8/v2.36/avr/bin/../lib/gcc/avr/5.4.0/../../../../avr/lib/avr5/memx-const\libm.a(divsf3x.o)
 .bss           0x0000000000000000        0x0 c:/program files/microchip/xc8/v2.36/avr/bin/../lib/gcc/avr/5.4.0/../../../../avr/lib/avr5/memx-const\libm.a(divsf3x.o)
 .stack.descriptors
                0x0000000000000000       0x31 c:/program files/microchip/xc8/v2.36/avr/bin/../lib/gcc/avr/5.4.0/../../../../avr/lib/avr5/memx-const\libm.a(divsf3x.o)
 .data          0x0000000000000000        0x0 c:/program files/microchip/xc8/v2.36/avr/bin/../lib/gcc/avr/5.4.0/../../../../avr/lib/avr5/memx-const\libm.a(fixsfsi.o)
 .bss           0x0000000000000000        0x0 c:/program files/microchip/xc8/v2.36/avr/bin/../lib/gcc/avr/5.4.0/../../../../avr/lib/avr5/memx-const\libm.a(fixsfsi.o)
 .stack.descriptors
                0x0000000000000000       0x17 c:/program files/microchip/xc8/v2.36/avr/bin/../lib/gcc/avr/5.4.0/../../../../avr/lib/avr5/memx-const\libm.a(fixsfsi.o)
 .data          0x0000000000000000        0x0 c:/program files/microchip/xc8/v2.36/avr/bin/../lib/gcc/avr/5.4.0/../../../../avr/lib/avr5/memx-const\libm.a(fixunssfsi.o)
 .bss           0x0000000000000000        0x0 c:/program files/microchip/xc8/v2.36/avr/bin/../lib/gcc/avr/5.4.0/../../../../avr/lib/avr5/memx-const\libm.a(fixunssfsi.o)
 .stack.descriptors
                0x0000000000000000       0x1a c:/program files/microchip/xc8/v2.36/avr/bin/../lib/gcc/avr/5.4.0/../../../../avr/lib/avr5/memx-const\libm.a(fixunssfsi.o)
 .data          0x0000000000000000        0x0 c:/program files/microchip/xc8/v2.36/avr/bin/../lib/gcc/avr/5.4.0/../../../../avr/lib/avr5/memx-const\libm.a(floatsisf.o)
 .bss           0x0000000000000000        0x0 c:/program files/microchip/xc8/v2.36/avr/bin/../lib/gcc/avr/5.4.0/../../../../avr/lib/avr5/memx-const\libm.a(floatsisf.o)
 .stack.descriptors
                0x0000000000000000       0x34 c:/program files/microchip/xc8/v2.36/avr/bin/../lib/gcc/avr/5.4.0/../../../../avr/lib/avr5/memx-const\libm.a(floatsisf.o)
 .data          0x0000000000000000        0x0 c:/program files/microchip/xc8/v2.36/avr/bin/../lib/gcc/avr/5.4.0/../../../../avr/lib/avr5/memx-const\libm.a(fp_cmp.o)
 .bss           0x0000000000000000        0x0 c:/program files/microchip/xc8/v2.36/avr/bin/../lib/gcc/avr/5.4.0/../../../../avr/lib/avr5/memx-const\libm.a(fp_cmp.o)
 .stack.descriptors
                0x0000000000000000       0x16 c:/program files/microchip/xc8/v2.36/avr/bin/../lib/gcc/avr/5.4.0/../../../../avr/lib/avr5/memx-const\libm.a(fp_cmp.o)
 .data          0x0000000000000000        0x0 c:/program files/microchip/xc8/v2.36/avr/bin/../lib/gcc/avr/5.4.0/../../../../avr/lib/avr5/memx-const\libm.a(fp_inf.o)
 .bss           0x0000000000000000        0x0 c:/program files/microchip/xc8/v2.36/avr/bin/../lib/gcc/avr/5.4.0/../../../../avr/lib/avr5/memx-const\libm.a(fp_inf.o)
 .stack.descriptors
                0x0000000000000000       0x16 c:/program files/microchip/xc8/v2.36/avr/bin/../lib/gcc/avr/5.4.0/../../../../avr/lib/avr5/memx-const\libm.a(fp_inf.o)
 .data          0x0000000000000000        0x0 c:/program files/microchip/xc8/v2.36/avr/bin/../lib/gcc/avr/5.4.0/../../../../avr/lib/avr5/memx-const\libm.a(fp_nan.o)
 .bss           0x0000000000000000        0x0 c:/program files/microchip/xc8/v2.36/avr/bin/../lib/gcc/avr/5.4.0/../../../../avr/lib/avr5/memx-const\libm.a(fp_nan.o)
 .stack.descriptors
                0x0000000000000000       0x16 c:/program files/microchip/xc8/v2.36/avr/bin/../lib/gcc/avr/5.4.0/../../../../avr/lib/avr5/memx-const\libm.a(fp_nan.o)
 .data          0x0000000000000000        0x0 c:/program files/microchip/xc8/v2.36/avr/bin/../lib/gcc/avr/5.4.0/../../../../avr/lib/avr5/memx-const\libm.a(fp_pscA.o)
 .bss           0x0000000000000000        0x0 c:/program files/microchip/xc8/v2.36/avr/bin/../lib/gcc/avr/5.4.0/../../../../avr/lib/avr5/memx-const\libm.a(fp_pscA.o)
 .stack.descriptors
                0x0000000000000000       0x17 c:/program files/microchip/xc8/v2.36/avr/bin/../lib/gcc/avr/5.4.0/../../../../avr/lib/avr5/memx-const\libm.a(fp_pscA.o)
 .data          0x0000000000000000        0x0 c:/program files/microchip/xc8/v2.36/avr/bin/../lib/gcc/avr/5.4.0/../../../../avr/lib/avr5/memx-const\libm.a(fp_pscB.o)
 .bss           0x0000000000000000        0x0 c:/program files/microchip/xc8/v2.36/avr/bin/../lib/gcc/avr/5.4.0/../../../../avr/lib/avr5/memx-const\libm.a(fp_pscB.o)
 .stack.descriptors
                0x0000000000000000       0x17 c:/program files/microchip/xc8/v2.36/avr/bin/../lib/gcc/avr/5.4.0/../../../../avr/lib/avr5/memx-const\libm.a(fp_pscB.o)
 .data          0x0000000000000000        0x0 c:/program files/microchip/xc8/v2.36/avr/bin/../lib/gcc/avr/5.4.0/../../../../avr/lib/avr5/memx-const\libm.a(fp_round.o)
 .bss           0x0000000000000000        0x0 c:/program files/microchip/xc8/v2.36/avr/bin/../lib/gcc/avr/5.4.0/../../../../avr/lib/avr5/memx-const\libm.a(fp_round.o)
 .stack.descriptors
                0x0000000000000000       0x18 c:/program files/microchip/xc8/v2.36/avr/bin/../lib/gcc/avr/5.4.0/../../../../avr/lib/avr5/memx-const\libm.a(fp_round.o)
 .data          0x0000000000000000        0x0 c:/program files/microchip/xc8/v2.36/avr/bin/../lib/gcc/avr/5.4.0/../../../../avr/lib/avr5/memx-const\libm.a(fp_split3.o)
 .bss           0x0000000000000000        0x0 c:/program files/microchip/xc8/v2.36/avr/bin/../lib/gcc/avr/5.4.0/../../../../avr/lib/avr5/memx-const\libm.a(fp_split3.o)
 .stack.descriptors
                0x0000000000000000       0x32 c:/program files/microchip/xc8/v2.36/avr/bin/../lib/gcc/avr/5.4.0/../../../../avr/lib/avr5/memx-const\libm.a(fp_split3.o)
 .data          0x0000000000000000        0x0 c:/program files/microchip/xc8/v2.36/avr/bin/../lib/gcc/avr/5.4.0/../../../../avr/lib/avr5/memx-const\libm.a(fp_zero.o)
 .bss           0x0000000000000000        0x0 c:/program files/microchip/xc8/v2.36/avr/bin/../lib/gcc/avr/5.4.0/../../../../avr/lib/avr5/memx-const\libm.a(fp_zero.o)
 .stack.descriptors
                0x0000000000000000       0x2f c:/program files/microchip/xc8/v2.36/avr/bin/../lib/gcc/avr/5.4.0/../../../../avr/lib/avr5/memx-const\libm.a(fp_zero.o)
 .data          0x0000000000000000        0x0 c:/program files/microchip/xc8/v2.36/avr/bin/../lib/gcc/avr/5.4.0/../../../../avr/lib/avr5/memx-const\libm.a(gesf2.o)
 .bss           0x0000000000000000        0x0 c:/program files/microchip/xc8/v2.36/avr/bin/../lib/gcc/avr/5.4.0/../../../../avr/lib/avr5/memx-const\libm.a(gesf2.o)
 .stack.descriptors
                0x0000000000000000       0x2a c:/program files/microchip/xc8/v2.36/avr/bin/../lib/gcc/avr/5.4.0/../../../../avr/lib/avr5/memx-const\libm.a(gesf2.o)
 .data          0x0000000000000000        0x0 c:/program files/microchip/xc8/v2.36/avr/bin/../lib/gcc/avr/5.4.0/../../../../avr/lib/avr5/memx-const\libm.a(mulsf3.o)
 .bss           0x0000000000000000        0x0 c:/program files/microchip/xc8/v2.36/avr/bin/../lib/gcc/avr/5.4.0/../../../../avr/lib/avr5/memx-const\libm.a(mulsf3.o)
 .stack.descriptors
                0x0000000000000000       0x16 c:/program files/microchip/xc8/v2.36/avr/bin/../lib/gcc/avr/5.4.0/../../../../avr/lib/avr5/memx-const\libm.a(mulsf3.o)
 .data          0x0000000000000000        0x0 c:/program files/microchip/xc8/v2.36/avr/bin/../lib/gcc/avr/5.4.0/../../../../avr/lib/avr5/memx-const\libm.a(mulsf3x.o)
 .bss           0x0000000000000000        0x0 c:/program files/microchip/xc8/v2.36/avr/bin/../lib/gcc/avr/5.4.0/../../../../avr/lib/avr5/memx-const\libm.a(mulsf3x.o)
 .stack.descriptors
                0x0000000000000000       0x31 c:/program files/microchip/xc8/v2.36/avr/bin/../lib/gcc/avr/5.4.0/../../../../avr/lib/avr5/memx-const\libm.a(mulsf3x.o)
 .text          0x0000000000000000        0x0 c:/program files/microchip/xc8/v2.36/avr/bin/../lib/gcc/avr/5.4.0/avr5/memx-const\libgcc.a(_udivmodsi4.o)
 .data          0x0000000000000000        0x0 c:/program files/microchip/xc8/v2.36/avr/bin/../lib/gcc/avr/5.4.0/avr5/memx-const\libgcc.a(_udivmodsi4.o)
 .bss           0x0000000000000000        0x0 c:/program files/microchip/xc8/v2.36/avr/bin/../lib/gcc/avr/5.4.0/avr5/memx-const\libgcc.a(_udivmodsi4.o)
 .text.libgcc.mul
                0x0000000000000000        0x0 c:/program files/microchip/xc8/v2.36/avr/bin/../lib/gcc/avr/5.4.0/avr5/memx-const\libgcc.a(_udivmodsi4.o)
 .stack.descriptors
                0x0000000000000000       0x1a c:/program files/microchip/xc8/v2.36/avr/bin/../lib/gcc/avr/5.4.0/avr5/memx-const\libgcc.a(_udivmodsi4.o)
 .text.libgcc   0x0000000000000000        0x0 c:/program files/microchip/xc8/v2.36/avr/bin/../lib/gcc/avr/5.4.0/avr5/memx-const\libgcc.a(_udivmodsi4.o)
 .text.libgcc.prologue
                0x0000000000000000        0x0 c:/program files/microchip/xc8/v2.36/avr/bin/../lib/gcc/avr/5.4.0/avr5/memx-const\libgcc.a(_udivmodsi4.o)
 .text.libgcc.builtins
                0x0000000000000000        0x0 c:/program files/microchip/xc8/v2.36/avr/bin/../lib/gcc/avr/5.4.0/avr5/memx-const\libgcc.a(_udivmodsi4.o)
 .text.libgcc.fmul
                0x0000000000000000        0x0 c:/program files/microchip/xc8/v2.36/avr/bin/../lib/gcc/avr/5.4.0/avr5/memx-const\libgcc.a(_udivmodsi4.o)
 .text.libgcc.fixed
                0x0000000000000000        0x0 c:/program files/microchip/xc8/v2.36/avr/bin/../lib/gcc/avr/5.4.0/avr5/memx-const\libgcc.a(_udivmodsi4.o)
 .text          0x0000000000000000        0x0 c:/program files/microchip/xc8/v2.36/avr/bin/../lib/gcc/avr/5.4.0/avr5/memx-const\libgcc.a(_divmodsi4.o)
 .data          0x0000000000000000        0x0 c:/program files/microchip/xc8/v2.36/avr/bin/../lib/gcc/avr/5.4.0/avr5/memx-const\libgcc.a(_divmodsi4.o)
 .bss           0x0000000000000000        0x0 c:/program files/microchip/xc8/v2.36/avr/bin/../lib/gcc/avr/5.4.0/avr5/memx-const\libgcc.a(_divmodsi4.o)
 .text.libgcc.mul
                0x0000000000000000        0x0 c:/program files/microchip/xc8/v2.36/avr/bin/../lib/gcc/avr/5.4.0/avr5/memx-const\libgcc.a(_divmodsi4.o)
 .stack.descriptors
                0x0000000000000000       0x19 c:/program files/microchip/xc8/v2.36/avr/bin/../lib/gcc/avr/5.4.0/avr5/memx-const\libgcc.a(_divmodsi4.o)
 .text.libgcc   0x0000000000000000        0x0 c:/program files/microchip/xc8/v2.36/avr/bin/../lib/gcc/avr/5.4.0/avr5/memx-const\libgcc.a(_divmodsi4.o)
 .text.libgcc.prologue
                0x0000000000000000        0x0 c:/program files/microchip/xc8/v2.36/avr/bin/../lib/gcc/avr/5.4.0/avr5/memx-const\libgcc.a(_divmodsi4.o)
 .text.libgcc.builtins
                0x0000000000000000        0x0 c:/program files/microchip/xc8/v2.36/avr/bin/../lib/gcc/avr/5.4.0/avr5/memx-const\libgcc.a(_divmodsi4.o)
 .text.libgcc.fmul
                0x0000000000000000        0x0 c:/program files/microchip/xc8/v2.36/avr/bin/../lib/gcc/avr/5.4.0/avr5/memx-const\libgcc.a(_divmodsi4.o)
 .text.libgcc.fixed
                0x0000000000000000        0x0 c:/program files/microchip/xc8/v2.36/avr/bin/../lib/gcc/avr/5.4.0/avr5/memx-const\libgcc.a(_divmodsi4.o)
 .text          0x0000000000000000        0x0 c:/program files/microchip/xc8/v2.36/avr/bin/../lib/gcc/avr/5.4.0/avr5/memx-const\libgcc.a(_negsi2.o)
 .data          0x0000000000000000        0x0 c:/program files/microchip/xc8/v2.36/avr/bin/../lib/gcc/avr/5.4.0/avr5/memx-const\libgcc.a(_negsi2.o)
 .bss           0x0000000000000000        0x0 c:/program files/microchip/xc8/v2.36/avr/bin/../lib/gcc/avr/5.4.0/avr5/memx-const\libgcc.a(_negsi2.o)
 .text.libgcc.mul
                0x0000000000000000        0x0 c:/program files/microchip/xc8/v2.36/avr/bin/../lib/gcc/avr/5.4.0/avr5/memx-const\libgcc.a(_negsi2.o)
 .stack.descriptors
                0x0000000000000000       0x16 c:/program files/microchip/xc8/v2.36/avr/bin/../lib/gcc/avr/5.4.0/avr5/memx-const\libgcc.a(_negsi2.o)
 .text.libgcc   0x0000000000000000        0x0 c:/program files/microchip/xc8/v2.36/avr/bin/../lib/gcc/avr/5.4.0/avr5/memx-const\libgcc.a(_negsi2.o)
 .text.libgcc.prologue
                0x0000000000000000        0x0 c:/program files/microchip/xc8/v2.36/avr/bin/../lib/gcc/avr/5.4.0/avr5/memx-const\libgcc.a(_negsi2.o)
 .text.libgcc.builtins
                0x0000000000000000        0x0 c:/program files/microchip/xc8/v2.36/avr/bin/../lib/gcc/avr/5.4.0/avr5/memx-const\libgcc.a(_negsi2.o)
 .text.libgcc.fmul
                0x0000000000000000        0x0 c:/program files/microchip/xc8/v2.36/avr/bin/../lib/gcc/avr/5.4.0/avr5/memx-const\libgcc.a(_negsi2.o)
 .text.libgcc.fixed
                0x0000000000000000        0x0 c:/program files/microchip/xc8/v2.36/avr/bin/../lib/gcc/avr/5.4.0/avr5/memx-const\libgcc.a(_negsi2.o)
 .text          0x0000000000000000        0x0 c:/program files/microchip/xc8/v2.36/avr/bin/../lib/gcc/avr/5.4.0/avr5/memx-const\libgcc.a(_tablejump2.o)
 .data          0x0000000000000000        0x0 c:/program files/microchip/xc8/v2.36/avr/bin/../lib/gcc/avr/5.4.0/avr5/memx-const\libgcc.a(_tablejump2.o)
 .bss           0x0000000000000000        0x0 c:/program files/microchip/xc8/v2.36/avr/bin/../lib/gcc/avr/5.4.0/avr5/memx-const\libgcc.a(_tablejump2.o)
 .text.libgcc.mul
                0x0000000000000000        0x0 c:/program files/microchip/xc8/v2.36/avr/bin/../lib/gcc/avr/5.4.0/avr5/memx-const\libgcc.a(_tablejump2.o)
 .text.libgcc.div
                0x0000000000000000        0x0 c:/program files/microchip/xc8/v2.36/avr/bin/../lib/gcc/avr/5.4.0/avr5/memx-const\libgcc.a(_tablejump2.o)
 .text.libgcc   0x0000000000000000        0xc c:/program files/microchip/xc8/v2.36/avr/bin/../lib/gcc/avr/5.4.0/avr5/memx-const\libgcc.a(_tablejump2.o)
 .text.libgcc.prologue
                0x0000000000000000        0x0 c:/program files/microchip/xc8/v2.36/avr/bin/../lib/gcc/avr/5.4.0/avr5/memx-const\libgcc.a(_tablejump2.o)
 .stack.descriptors.hdr
                0x0000000000000000        0xe c:/program files/microchip/xc8/v2.36/avr/bin/../lib/gcc/avr/5.4.0/avr5/memx-const\libgcc.a(_tablejump2.o)
 .stack.descriptors
                0x0000000000000000       0x1c c:/program files/microchip/xc8/v2.36/avr/bin/../lib/gcc/avr/5.4.0/avr5/memx-const\libgcc.a(_tablejump2.o)
 .text.libgcc.builtins
                0x0000000000000000        0x0 c:/program files/microchip/xc8/v2.36/avr/bin/../lib/gcc/avr/5.4.0/avr5/memx-const\libgcc.a(_tablejump2.o)
 .text.libgcc.fmul
                0x0000000000000000        0x0 c:/program files/microchip/xc8/v2.36/avr/bin/../lib/gcc/avr/5.4.0/avr5/memx-const\libgcc.a(_tablejump2.o)
 .text.libgcc.fixed
                0x0000000000000000        0x0 c:/program files/microchip/xc8/v2.36/avr/bin/../lib/gcc/avr/5.4.0/avr5/memx-const\libgcc.a(_tablejump2.o)
 .text          0x0000000000000000        0x0 c:/program files/microchip/xc8/v2.36/avr/bin/../lib/gcc/avr/5.4.0/avr5/memx-const\libgcc.a(_copy_data.o)
 .data          0x0000000000000000        0x0 c:/program files/microchip/xc8/v2.36/avr/bin/../lib/gcc/avr/5.4.0/avr5/memx-const\libgcc.a(_copy_data.o)
 .bss           0x0000000000000000        0x0 c:/program files/microchip/xc8/v2.36/avr/bin/../lib/gcc/avr/5.4.0/avr5/memx-const\libgcc.a(_copy_data.o)
 .text.libgcc.mul
                0x0000000000000000        0x0 c:/program files/microchip/xc8/v2.36/avr/bin/../lib/gcc/avr/5.4.0/avr5/memx-const\libgcc.a(_copy_data.o)
 .text.libgcc.div
                0x0000000000000000        0x0 c:/program files/microchip/xc8/v2.36/avr/bin/../lib/gcc/avr/5.4.0/avr5/memx-const\libgcc.a(_copy_data.o)
 .text.libgcc   0x0000000000000000        0x0 c:/program files/microchip/xc8/v2.36/avr/bin/../lib/gcc/avr/5.4.0/avr5/memx-const\libgcc.a(_copy_data.o)
 .text.libgcc.prologue
                0x0000000000000000        0x0 c:/program files/microchip/xc8/v2.36/avr/bin/../lib/gcc/avr/5.4.0/avr5/memx-const\libgcc.a(_copy_data.o)
 .text.libgcc.builtins
                0x0000000000000000        0x0 c:/program files/microchip/xc8/v2.36/avr/bin/../lib/gcc/avr/5.4.0/avr5/memx-const\libgcc.a(_copy_data.o)
 .text.libgcc.fmul
                0x0000000000000000        0x0 c:/program files/microchip/xc8/v2.36/avr/bin/../lib/gcc/avr/5.4.0/avr5/memx-const\libgcc.a(_copy_data.o)
 .text.libgcc.fixed
                0x0000000000000000        0x0 c:/program files/microchip/xc8/v2.36/avr/bin/../lib/gcc/avr/5.4.0/avr5/memx-const\libgcc.a(_copy_data.o)
 .text          0x0000000000000000        0x0 c:/program files/microchip/xc8/v2.36/avr/bin/../lib/gcc/avr/5.4.0/avr5/memx-const\libgcc.a(_muluhisi3.o)
 .data          0x0000000000000000        0x0 c:/program files/microchip/xc8/v2.36/avr/bin/../lib/gcc/avr/5.4.0/avr5/memx-const\libgcc.a(_muluhisi3.o)
 .bss           0x0000000000000000        0x0 c:/program files/microchip/xc8/v2.36/avr/bin/../lib/gcc/avr/5.4.0/avr5/memx-const\libgcc.a(_muluhisi3.o)
 .text.libgcc.mul
                0x0000000000000000       0x16 c:/program files/microchip/xc8/v2.36/avr/bin/../lib/gcc/avr/5.4.0/avr5/memx-const\libgcc.a(_muluhisi3.o)
 .stack.descriptors.hdr
                0x0000000000000000        0xe c:/program files/microchip/xc8/v2.36/avr/bin/../lib/gcc/avr/5.4.0/avr5/memx-const\libgcc.a(_muluhisi3.o)
 .stack.descriptors
                0x0000000000000000       0x19 c:/program files/microchip/xc8/v2.36/avr/bin/../lib/gcc/avr/5.4.0/avr5/memx-const\libgcc.a(_muluhisi3.o)
 .text.libgcc.div
                0x0000000000000000        0x0 c:/program files/microchip/xc8/v2.36/avr/bin/../lib/gcc/avr/5.4.0/avr5/memx-const\libgcc.a(_muluhisi3.o)
 .text.libgcc   0x0000000000000000        0x0 c:/program files/microchip/xc8/v2.36/avr/bin/../lib/gcc/avr/5.4.0/avr5/memx-const\libgcc.a(_muluhisi3.o)
 .text.libgcc.prologue
                0x0000000000000000        0x0 c:/program files/microchip/xc8/v2.36/avr/bin/../lib/gcc/avr/5.4.0/avr5/memx-const\libgcc.a(_muluhisi3.o)
 .text.libgcc.builtins
                0x0000000000000000        0x0 c:/program files/microchip/xc8/v2.36/avr/bin/../lib/gcc/avr/5.4.0/avr5/memx-const\libgcc.a(_muluhisi3.o)
 .text.libgcc.fmul
                0x0000000000000000        0x0 c:/program files/microchip/xc8/v2.36/avr/bin/../lib/gcc/avr/5.4.0/avr5/memx-const\libgcc.a(_muluhisi3.o)
 .text.libgcc.fixed
                0x0000000000000000        0x0 c:/program files/microchip/xc8/v2.36/avr/bin/../lib/gcc/avr/5.4.0/avr5/memx-const\libgcc.a(_muluhisi3.o)
 .text          0x0000000000000000        0x0 c:/program files/microchip/xc8/v2.36/avr/bin/../lib/gcc/avr/5.4.0/avr5/memx-const\libgcc.a(_movmemx.o)
 .data          0x0000000000000000        0x0 c:/program files/microchip/xc8/v2.36/avr/bin/../lib/gcc/avr/5.4.0/avr5/memx-const\libgcc.a(_movmemx.o)
 .bss           0x0000000000000000        0x0 c:/program files/microchip/xc8/v2.36/avr/bin/../lib/gcc/avr/5.4.0/avr5/memx-const\libgcc.a(_movmemx.o)
 .text.libgcc.mul
                0x0000000000000000        0x0 c:/program files/microchip/xc8/v2.36/avr/bin/../lib/gcc/avr/5.4.0/avr5/memx-const\libgcc.a(_movmemx.o)
 .text.libgcc.div
                0x0000000000000000        0x0 c:/program files/microchip/xc8/v2.36/avr/bin/../lib/gcc/avr/5.4.0/avr5/memx-const\libgcc.a(_movmemx.o)
 .text.libgcc.prologue
                0x0000000000000000        0x0 c:/program files/microchip/xc8/v2.36/avr/bin/../lib/gcc/avr/5.4.0/avr5/memx-const\libgcc.a(_movmemx.o)
 .stack.descriptors
                0x0000000000000000       0x34 c:/program files/microchip/xc8/v2.36/avr/bin/../lib/gcc/avr/5.4.0/avr5/memx-const\libgcc.a(_movmemx.o)
 .text.libgcc.builtins
                0x0000000000000000        0x0 c:/program files/microchip/xc8/v2.36/avr/bin/../lib/gcc/avr/5.4.0/avr5/memx-const\libgcc.a(_movmemx.o)
 .text.libgcc.fmul
                0x0000000000000000        0x0 c:/program files/microchip/xc8/v2.36/avr/bin/../lib/gcc/avr/5.4.0/avr5/memx-const\libgcc.a(_movmemx.o)
 .text.libgcc.fixed
                0x0000000000000000        0x0 c:/program files/microchip/xc8/v2.36/avr/bin/../lib/gcc/avr/5.4.0/avr5/memx-const\libgcc.a(_movmemx.o)
 .text          0x0000000000000000        0x0 c:/program files/microchip/xc8/v2.36/avr/bin/../lib/gcc/avr/5.4.0/avr5/memx-const\libgcc.a(_umulhisi3.o)
 .data          0x0000000000000000        0x0 c:/program files/microchip/xc8/v2.36/avr/bin/../lib/gcc/avr/5.4.0/avr5/memx-const\libgcc.a(_umulhisi3.o)
 .bss           0x0000000000000000        0x0 c:/program files/microchip/xc8/v2.36/avr/bin/../lib/gcc/avr/5.4.0/avr5/memx-const\libgcc.a(_umulhisi3.o)
 .text.libgcc.mul
                0x0000000000000000       0x1e c:/program files/microchip/xc8/v2.36/avr/bin/../lib/gcc/avr/5.4.0/avr5/memx-const\libgcc.a(_umulhisi3.o)
 .stack.descriptors.hdr
                0x0000000000000000        0xe c:/program files/microchip/xc8/v2.36/avr/bin/../lib/gcc/avr/5.4.0/avr5/memx-const\libgcc.a(_umulhisi3.o)
 .stack.descriptors
                0x0000000000000000       0x19 c:/program files/microchip/xc8/v2.36/avr/bin/../lib/gcc/avr/5.4.0/avr5/memx-const\libgcc.a(_umulhisi3.o)
 .text.libgcc.div
                0x0000000000000000        0x0 c:/program files/microchip/xc8/v2.36/avr/bin/../lib/gcc/avr/5.4.0/avr5/memx-const\libgcc.a(_umulhisi3.o)
 .text.libgcc   0x0000000000000000        0x0 c:/program files/microchip/xc8/v2.36/avr/bin/../lib/gcc/avr/5.4.0/avr5/memx-const\libgcc.a(_umulhisi3.o)
 .text.libgcc.prologue
                0x0000000000000000        0x0 c:/program files/microchip/xc8/v2.36/avr/bin/../lib/gcc/avr/5.4.0/avr5/memx-const\libgcc.a(_umulhisi3.o)
 .text.libgcc.builtins
                0x0000000000000000        0x0 c:/program files/microchip/xc8/v2.36/avr/bin/../lib/gcc/avr/5.4.0/avr5/memx-const\libgcc.a(_umulhisi3.o)
 .text.libgcc.fmul
                0x0000000000000000        0x0 c:/program files/microchip/xc8/v2.36/avr/bin/../lib/gcc/avr/5.4.0/avr5/memx-const\libgcc.a(_umulhisi3.o)
 .text.libgcc.fixed
                0x0000000000000000        0x0 c:/program files/microchip/xc8/v2.36/avr/bin/../lib/gcc/avr/5.4.0/avr5/memx-const\libgcc.a(_umulhisi3.o)
 .text          0x0000000000000000        0x0 c:/program files/microchip/xc8/v2.36/avr/bin/../lib/gcc/avr/5.4.0/../../../../avr/lib/avr5/memx-const\libc.a(exit.o)
 .data          0x0000000000000000        0x0 c:/program files/microchip/xc8/v2.36/avr/bin/../lib/gcc/avr/5.4.0/../../../../avr/lib/avr5/memx-const\libc.a(exit.o)
 .bss           0x0000000000000000        0x0 c:/program files/microchip/xc8/v2.36/avr/bin/../lib/gcc/avr/5.4.0/../../../../avr/lib/avr5/memx-const\libc.a(exit.o)
 .text          0x0000000000000000        0x0 c:/program files/microchip/xc8/v2.36/avr/bin/../lib/gcc/avr/5.4.0/../../../../avr/lib/avr5/memx-const\libc.a(_Exit.o)
 .data          0x0000000000000000        0x0 c:/program files/microchip/xc8/v2.36/avr/bin/../lib/gcc/avr/5.4.0/../../../../avr/lib/avr5/memx-const\libc.a(_Exit.o)
 .bss           0x0000000000000000        0x0 c:/program files/microchip/xc8/v2.36/avr/bin/../lib/gcc/avr/5.4.0/../../../../avr/lib/avr5/memx-const\libc.a(_Exit.o)
 .text          0x0000000000000000        0x0 c:/program files/microchip/xc8/v2.36/avr/bin/../lib/gcc/avr/5.4.0/avr5/memx-const\libgcc.a(_exit.o)
 .data          0x0000000000000000        0x0 c:/program files/microchip/xc8/v2.36/avr/bin/../lib/gcc/avr/5.4.0/avr5/memx-const\libgcc.a(_exit.o)
 .bss           0x0000000000000000        0x0 c:/program files/microchip/xc8/v2.36/avr/bin/../lib/gcc/avr/5.4.0/avr5/memx-const\libgcc.a(_exit.o)
 .text.libgcc.mul
                0x0000000000000000        0x0 c:/program files/microchip/xc8/v2.36/avr/bin/../lib/gcc/avr/5.4.0/avr5/memx-const\libgcc.a(_exit.o)
 .text.libgcc.div
                0x0000000000000000        0x0 c:/program files/microchip/xc8/v2.36/avr/bin/../lib/gcc/avr/5.4.0/avr5/memx-const\libgcc.a(_exit.o)
 .text.libgcc   0x0000000000000000        0x0 c:/program files/microchip/xc8/v2.36/avr/bin/../lib/gcc/avr/5.4.0/avr5/memx-const\libgcc.a(_exit.o)
 .text.libgcc.prologue
                0x0000000000000000        0x0 c:/program files/microchip/xc8/v2.36/avr/bin/../lib/gcc/avr/5.4.0/avr5/memx-const\libgcc.a(_exit.o)
 .stack.descriptors
                0x0000000000000000       0x13 c:/program files/microchip/xc8/v2.36/avr/bin/../lib/gcc/avr/5.4.0/avr5/memx-const\libgcc.a(_exit.o)
 .text.libgcc.builtins
                0x0000000000000000        0x0 c:/program files/microchip/xc8/v2.36/avr/bin/../lib/gcc/avr/5.4.0/avr5/memx-const\libgcc.a(_exit.o)
 .text.libgcc.fmul
                0x0000000000000000        0x0 c:/program files/microchip/xc8/v2.36/avr/bin/../lib/gcc/avr/5.4.0/avr5/memx-const\libgcc.a(_exit.o)
 .text.libgcc.fixed
                0x0000000000000000        0x0 c:/program files/microchip/xc8/v2.36/avr/bin/../lib/gcc/avr/5.4.0/avr5/memx-const\libgcc.a(_exit.o)

Memory Configuration

Name             Origin             Length             Attributes
text             0x0000000000000000 0x0000000000008000 xr
data             0x0000000000800060 0x0000000000000800 rw !x
eeprom           0x0000000000810000 0x0000000000000400 rw !x
fuse             0x0000000000820000 0x0000000000000002 rw !x
lock             0x0000000000830000 0x0000000000000400 rw !x
signature        0x0000000000840000 0x0000000000000400 rw !x
user_signatures  0x0000000000850000 0x0000000000000400 rw !x
*default*        0x0000000000000000 0xffffffffffffffff

Linker script and memory map

LOAD C:/Program Files (x86)/Atmel/Studio/7.0/Packs/atmel/ATmega_DFP/1.7.374/xc8/avr/lib/avr5/memx-const/crtatmega32.o
LOAD APP/main.o
LOAD HAL/Buzzer/Buzzer_Prog.o
LOAD HAL/DCMotor/DCMotor_Prog.o
LOAD HAL/KeyPad/KeyPad_Prog.o
LOAD HAL/LCD/LCD_Prog.o
LOAD HAL/LED/LED_Prog.o
LOAD HAL/SSD/SSD_Prog.o
LOAD MCAL/ADC/ADC_Prog.o
LOAD MCAL/DIO/DIO_Prog.o
LOAD MCAL/GIE/GIE_Prog.o
LOAD MCAL/Timer/Timer_Prog.o
LOAD MCAL/UART/UART_Prog.o
START GROUP
LOAD c:/program files/microchip/xc8/v2.36/avr/bin/../lib/gcc/avr/5.4.0/../../../../avr/lib/avr5/memx-const\libm.a
END GROUP
START GROUP
LOAD c:/program files/microchip/xc8/v2.36/avr/bin/../lib/gcc/avr/5.4.0/avr5/memx-const\libgcc.a
LOAD c:/program files/microchip/xc8/v2.36/avr/bin/../lib/gcc/avr/5.4.0/../../../../avr/lib/avr5/memx-const\libm.a
LOAD c:/program files/microchip/xc8/v2.36/avr/bin/../lib/gcc/avr/5.4.0/../../../../avr/lib/avr5/memx-const\libc.a
LOAD C:/Program Files (x86)/Atmel/Studio/7.0/Packs/atmel/ATmega_DFP/1.7.374/xc8/avr/lib/avr5/memx-const\libatmega32.a
END GROUP
                0x0000000000000000                __TEXT_REGION_ORIGIN__ = DEFINED (__TEXT_REGION_ORIGIN__)?__TEXT_REGION_ORIGIN__:0x0
                [0x0000000000800060]                __DATA_REGION_ORIGIN__ = DEFINED (__DATA_REGION_ORIGIN__)?__DATA_REGION_ORIGIN__:0x800060
                [0x0000000000008000]                __TEXT_REGION_LENGTH__ = DEFINED (__TEXT_REGION_LENGTH__)?__TEXT_REGION_LENGTH__:0x20000
                [0x0000000000000800]                __DATA_REGION_LENGTH__ = DEFINED (__DATA_REGION_LENGTH__)?__DATA_REGION_LENGTH__:0xffa0
                [0x0000000000000400]                __EEPROM_REGION_LENGTH__ = DEFINED (__EEPROM_REGION_LENGTH__)?__EEPROM_REGION_LENGTH__:0x10000
                [0x0000000000000002]                __FUSE_REGION_LENGTH__ = DEFINED (__FUSE_REGION_LENGTH__)?__FUSE_REGION_LENGTH__:0x400
                0x0000000000000400                __LOCK_REGION_LENGTH__ = DEFINED (__LOCK_REGION_LENGTH__)?__LOCK_REGION_LENGTH__:0x400
                0x0000000000000400                __SIGNATURE_REGION_LENGTH__ = DEFINED (__SIGNATURE_REGION_LENGTH__)?__SIGNATURE_REGION_LENGTH__:0x400
                0x0000000000000400                __USER_SIGNATURE_REGION_LENGTH__ = DEFINED (__USER_SIGNATURE_REGION_LENGTH__)?__USER_SIGNATURE_REGION_LENGTH__:0x400

.hash
 *(.hash)

.dynsym
 *(.dynsym)

.dynstr
 *(.dynstr)

.gnu.version
 *(.gnu.version)

.gnu.version_d
 *(.gnu.version_d)

.gnu.version_r
 *(.gnu.version_r)

.rel.init
 *(.rel.init)

.rela.init
 *(.rela.init)

.rel.text
 *(.rel.text)
 *(.rel.text.*)
 *(.rel.gnu.linkonce.t*)

.rela.text
 *(.rela.text)
 *(.rela.text.*)
 *(.rela.gnu.linkonce.t*)

.rel.fini
 *(.rel.fini)

.rela.fini
 *(.rela.fini)

.rel.rodata
 *(.rel.rodata)
 *(.rel.rodata.*)
 *(.rel.gnu.linkonce.r*)

.rela.rodata
 *(.rela.rodata)
 *(.rela.rodata.*)
 *(.rela.gnu.linkonce.r*)

.rel.data
 *(.rel.data)
 *(.rel.data.*)
 *(.rel.gnu.linkonce.d*)

.rela.data
 *(.rela.data)
 *(.rela.data.*)
 *(.rela.gnu.linkonce.d*)

.rel.ctors
 *(.rel.ctors)

.rela.ctors
 *(.rela.ctors)

.rel.dtors
 *(.rel.dtors)

.rela.dtors
 *(.rela.dtors)

.rel.got
 *(.rel.got)

.rela.got
 *(.rela.got)

.rel.bss
 *(.rel.bss)

.rela.bss
 *(.rela.bss)

.rel.plt
 *(.rel.plt)

.rela.plt
 *(.rela.plt)

.text           0x0000000000000000       0xc6
 *(.vectors)
 .vectors       0x0000000000000000       0x54 C:/Program Files (x86)/Atmel/Studio/7.0/Packs/atmel/ATmega_DFP/1.7.374/xc8/avr/lib/avr5/memx-const/crtatmega32.o
                0x0000000000000000                __vector_default
                0x0000000000000000                __vectors
 *(.vectors)
 *(.progmem.gcc*)
 *(.dinit)
 .dinit         0x0000000000000054       0x1d data_init
                0x0000000000000072                . = ALIGN (0x2)
 *fill*         0x0000000000000071        0x1 
                0x0000000000000072                __trampolines_start = .
 *(.trampolines)
 .trampolines   0x0000000000000072        0x0 linker stubs
 *(.trampolines*)
                0x0000000000000072                __trampolines_end = .
 *libprintf_flt.a:*(.progmem.data)
 *libc.a:*(.progmem.data)
                0x0000000000000072                . = ALIGN (0x2)
 *(.jumptables)
 *(.jumptables*)
 *(.lowtext)
 *(.lowtext*)
                0x0000000000000072                __ctors_start = .
 *(.ctors)
                0x0000000000000072                __ctors_end = .
                0x0000000000000072                __dtors_start = .
 *(.dtors)
                0x0000000000000072                __dtors_end = .
 SORT(*)(.ctors)
 SORT(*)(.dtors)
 *(.init0)
 .init0         0x0000000000000072        0x0 C:/Program Files (x86)/Atmel/Studio/7.0/Packs/atmel/ATmega_DFP/1.7.374/xc8/avr/lib/avr5/memx-const/crtatmega32.o
                0x0000000000000072                __init
 *(.init0)
 *(.init1)
 *(.init1)
 *(.init2)
 .init2         0x0000000000000072        0xc C:/Program Files (x86)/Atmel/Studio/7.0/Packs/atmel/ATmega_DFP/1.7.374/xc8/avr/lib/avr5/memx-const/crtatmega32.o
 *(.init2)
 *(.init3)
 *(.init3)
 *(.init4)
 .init4         0x000000000000007e       0x3c c:/program files/microchip/xc8/v2.36/avr/bin/../lib/gcc/avr/5.4.0/avr5/memx-const\libgcc.a(_copy_data.o)
                0x000000000000007e                __do_copy_data
                0x00000000000000ac                __do_clear_bss
 *(.init4)
 *(.init5)
 *(.init5)
 *(.init6)
 *(.init6)
 *(.init7)
 *(.init7)
 *(.init8)
 *(.init8)
 *(.init9)
 .init9         0x00000000000000ba        0x8 C:/Program Files (x86)/Atmel/Studio/7.0/Packs/atmel/ATmega_DFP/1.7.374/xc8/avr/lib/avr5/memx-const/crtatmega32.o
 *(.init9)
                0x00000000000000c2                . = ALIGN (0x2)
 *(.fini9)
 .fini9         0x00000000000000c2        0x0 c:/program files/microchip/xc8/v2.36/avr/bin/../lib/gcc/avr/5.4.0/avr5/memx-const\libgcc.a(_exit.o)
                0x00000000000000c2                _exit
 *(.fini9)
 *(.fini8)
 *(.fini8)
 *(.fini7)
 *(.fini7)
 *(.fini6)
 *(.fini6)
 *(.fini5)
 *(.fini5)
 *(.fini4)
 *(.fini4)
 *(.fini3)
 *(.fini3)
 *(.fini2)
 *(.fini2)
 *(.fini1)
 *(.fini1)
 *(.fini0)
 .fini0         0x00000000000000c2        0x4 c:/program files/microchip/xc8/v2.36/avr/bin/../lib/gcc/avr/5.4.0/avr5/memx-const\libgcc.a(_exit.o)
 *(.fini0)
                0x00000000000000c6                _etext = .

.data           0x0000000000800060        0x0 load address 0x00000000000000c6
                [!provide]                        PROVIDE (__data_start, .)
 *(.gnu.linkonce.d*)
 *(.gnu.linkonce.r*)
                0x0000000000800060                . = ALIGN (0x2)
 *fill*         0x0000000000800060        0x0 
                0x0000000000800060                _edata = .
                [!provide]                        PROVIDE (__data_end, .)

.bss            0x0000000000800060        0xb
                [!provide]                        PROVIDE (__bss_start, .)
 *(COMMON)
 COMMON         0x0000000000800060        0x3 APP/main.o
                0x0000000000800060                Global_A_U8_UARTInput
                0x0000000000800061                Global_A_U8P_TempLow
                0x0000000000800062                Global_A_U8P_TempHigh
 COMMON         0x0000000000800063        0x6 MCAL/Timer/Timer_Prog.o
                0x0000000000800063                Timer2_CallBack
                0x0000000000800065                Timer1_CallBack
                0x0000000000800067                Timer0_CallBack
 COMMON         0x0000000000800069        0x2 MCAL/UART/UART_Prog.o
                0x0000000000800069                UART_CallBack
                [!provide]                        PROVIDE (__bss_end, .)
                0x00000000000000c6                __data_load_start = LOADADDR (.data)
                0x00000000000000c6                __data_load_end = (__data_load_start + SIZEOF (.data))

.noinit         0x000000000080006b        0x0
                [!provide]                        PROVIDE (__noinit_start, .)
 *(.noinit*)
                [!provide]                        PROVIDE (__noinit_end, .)
                0x000000000080006b                _end = .

.eeprom         0x0000000000810000        0x0
 *(.eeprom*)
                0x0000000000810000                __eeprom_end = .

.fuse
 *(.fuse)
 *(.lfuse)
 *(.hfuse)
 *(.efuse)

.lock
 *(.lock*)

.signature
 *(.signature*)

.user_signatures
 *(.user_signatures*)

.stab
 *(.stab)

.stabstr
 *(.stabstr)

.stab.excl
 *(.stab.excl)

.stab.exclstr
 *(.stab.exclstr)

.stab.index
 *(.stab.index)

.stab.indexstr
 *(.stab.indexstr)

.comment        0x0000000000000000       0x2f
 *(.comment)
 .comment       0x0000000000000000       0x2f APP/main.o
                                         0x30 (size before relaxing)
 .comment       0x000000000000002f       0x30 HAL/Buzzer/Buzzer_Prog.o
 .comment       0x000000000000002f       0x30 HAL/DCMotor/DCMotor_Prog.o
 .comment       0x000000000000002f       0x30 HAL/KeyPad/KeyPad_Prog.o
 .comment       0x000000000000002f       0x30 HAL/LCD/LCD_Prog.o
 .comment       0x000000000000002f       0x30 HAL/LED/LED_Prog.o
 .comment       0x000000000000002f       0x30 MCAL/ADC/ADC_Prog.o
 .comment       0x000000000000002f       0x30 MCAL/DIO/DIO_Prog.o
 .comment       0x000000000000002f       0x30 MCAL/GIE/GIE_Prog.o
 .comment       0x000000000000002f       0x30 MCAL/Timer/Timer_Prog.o
 .comment       0x000000000000002f       0x30 MCAL/UART/UART_Prog.o
 .comment       0x000000000000002f       0x30 c:/program files/microchip/xc8/v2.36/avr/bin/../lib/gcc/avr/5.4.0/../../../../avr/lib/avr5/memx-const\libc.a(exit.o)
 .comment       0x000000000000002f       0x30 c:/program files/microchip/xc8/v2.36/avr/bin/../lib/gcc/avr/5.4.0/../../../../avr/lib/avr5/memx-const\libc.a(_Exit.o)

.stack.descriptors.hdr
                0x0000000000000000      0x142
 .stack.descriptors.hdr
                0x0000000000000000        0xe c:/program files/microchip/xc8/v2.36/avr/bin/../lib/gcc/avr/5.4.0/../../../../avr/lib/avr5/memx-const\libm.a(addsf3.o)
 .stack.descriptors.hdr
                0x000000000000000e        0xe c:/program files/microchip/xc8/v2.36/avr/bin/../lib/gcc/avr/5.4.0/../../../../avr/lib/avr5/memx-const\libm.a(addsf3x.o)
 .stack.descriptors.hdr
                0x000000000000001c        0xe c:/program files/microchip/xc8/v2.36/avr/bin/../lib/gcc/avr/5.4.0/../../../../avr/lib/avr5/memx-const\libm.a(divsf3.o)
 .stack.descriptors.hdr
                0x000000000000002a        0xe c:/program files/microchip/xc8/v2.36/avr/bin/../lib/gcc/avr/5.4.0/../../../../avr/lib/avr5/memx-const\libm.a(divsf3x.o)
 .stack.descriptors.hdr
                0x0000000000000038        0xe c:/program files/microchip/xc8/v2.36/avr/bin/../lib/gcc/avr/5.4.0/../../../../avr/lib/avr5/memx-const\libm.a(fixsfsi.o)
 .stack.descriptors.hdr
                0x0000000000000046        0xe c:/program files/microchip/xc8/v2.36/avr/bin/../lib/gcc/avr/5.4.0/../../../../avr/lib/avr5/memx-const\libm.a(fixunssfsi.o)
 .stack.descriptors.hdr
                0x0000000000000054        0xe c:/program files/microchip/xc8/v2.36/avr/bin/../lib/gcc/avr/5.4.0/../../../../avr/lib/avr5/memx-const\libm.a(floatsisf.o)
 .stack.descriptors.hdr
                0x0000000000000062        0xe c:/program files/microchip/xc8/v2.36/avr/bin/../lib/gcc/avr/5.4.0/../../../../avr/lib/avr5/memx-const\libm.a(fp_cmp.o)
 .stack.descriptors.hdr
                0x0000000000000070        0xe c:/program files/microchip/xc8/v2.36/avr/bin/../lib/gcc/avr/5.4.0/../../../../avr/lib/avr5/memx-const\libm.a(fp_inf.o)
 .stack.descriptors.hdr
                0x000000000000007e        0xe c:/program files/microchip/xc8/v2.36/avr/bin/../lib/gcc/avr/5.4.0/../../../../avr/lib/avr5/memx-const\libm.a(fp_nan.o)
 .stack.descriptors.hdr
                0x000000000000008c        0xe c:/program files/microchip/xc8/v2.36/avr/bin/../lib/gcc/avr/5.4.0/../../../../avr/lib/avr5/memx-const\libm.a(fp_pscA.o)
 .stack.descriptors.hdr
                0x000000000000009a        0xe c:/program files/microchip/xc8/v2.36/avr/bin/../lib/gcc/avr/5.4.0/../../../../avr/lib/avr5/memx-const\libm.a(fp_pscB.o)
 .stack.descriptors.hdr
                0x00000000000000a8        0xe c:/program files/microchip/xc8/v2.36/avr/bin/../lib/gcc/avr/5.4.0/../../../../avr/lib/avr5/memx-const\libm.a(fp_round.o)
 .stack.descriptors.hdr
                0x00000000000000b6        0xe c:/program files/microchip/xc8/v2.36/avr/bin/../lib/gcc/avr/5.4.0/../../../../avr/lib/avr5/memx-const\libm.a(fp_split3.o)
 .stack.descriptors.hdr
                0x00000000000000c4        0xe c:/program files/microchip/xc8/v2.36/avr/bin/../lib/gcc/avr/5.4.0/../../../../avr/lib/avr5/memx-const\libm.a(fp_zero.o)
 .stack.descriptors.hdr
                0x00000000000000d2        0xe c:/program files/microchip/xc8/v2.36/avr/bin/../lib/gcc/avr/5.4.0/../../../../avr/lib/avr5/memx-const\libm.a(gesf2.o)
 .stack.descriptors.hdr
                0x00000000000000e0        0xe c:/program files/microchip/xc8/v2.36/avr/bin/../lib/gcc/avr/5.4.0/../../../../avr/lib/avr5/memx-const\libm.a(mulsf3.o)
 .stack.descriptors.hdr
                0x00000000000000ee        0xe c:/program files/microchip/xc8/v2.36/avr/bin/../lib/gcc/avr/5.4.0/../../../../avr/lib/avr5/memx-const\libm.a(mulsf3x.o)
 .stack.descriptors.hdr
                0x00000000000000fc        0xe c:/program files/microchip/xc8/v2.36/avr/bin/../lib/gcc/avr/5.4.0/avr5/memx-const\libgcc.a(_udivmodsi4.o)
 .stack.descriptors.hdr
                0x000000000000010a        0xe c:/program files/microchip/xc8/v2.36/avr/bin/../lib/gcc/avr/5.4.0/avr5/memx-const\libgcc.a(_divmodsi4.o)
 .stack.descriptors.hdr
                0x0000000000000118        0xe c:/program files/microchip/xc8/v2.36/avr/bin/../lib/gcc/avr/5.4.0/avr5/memx-const\libgcc.a(_negsi2.o)
 .stack.descriptors.hdr
                0x0000000000000126        0xe c:/program files/microchip/xc8/v2.36/avr/bin/../lib/gcc/avr/5.4.0/avr5/memx-const\libgcc.a(_movmemx.o)
 .stack.descriptors.hdr
                0x0000000000000134        0xe c:/program files/microchip/xc8/v2.36/avr/bin/../lib/gcc/avr/5.4.0/avr5/memx-const\libgcc.a(_exit.o)

.note.GNU-stack
                0x0000000000000000        0x0
 .note.GNU-stack
                0x0000000000000000        0x0 c:/program files/microchip/xc8/v2.36/avr/bin/../lib/gcc/avr/5.4.0/../../../../avr/lib/avr5/memx-const\libm.a(addsf3.o)
 .note.GNU-stack
                0x0000000000000000        0x0 c:/program files/microchip/xc8/v2.36/avr/bin/../lib/gcc/avr/5.4.0/../../../../avr/lib/avr5/memx-const\libm.a(addsf3x.o)
 .note.GNU-stack
                0x0000000000000000        0x0 c:/program files/microchip/xc8/v2.36/avr/bin/../lib/gcc/avr/5.4.0/../../../../avr/lib/avr5/memx-const\libm.a(divsf3.o)
 .note.GNU-stack
                0x0000000000000000        0x0 c:/program files/microchip/xc8/v2.36/avr/bin/../lib/gcc/avr/5.4.0/../../../../avr/lib/avr5/memx-const\libm.a(divsf3x.o)
 .note.GNU-stack
                0x0000000000000000        0x0 c:/program files/microchip/xc8/v2.36/avr/bin/../lib/gcc/avr/5.4.0/../../../../avr/lib/avr5/memx-const\libm.a(fixsfsi.o)
 .note.GNU-stack
                0x0000000000000000        0x0 c:/program files/microchip/xc8/v2.36/avr/bin/../lib/gcc/avr/5.4.0/../../../../avr/lib/avr5/memx-const\libm.a(fixunssfsi.o)
 .note.GNU-stack
                0x0000000000000000        0x0 c:/program files/microchip/xc8/v2.36/avr/bin/../lib/gcc/avr/5.4.0/../../../../avr/lib/avr5/memx-const\libm.a(floatsisf.o)
 .note.GNU-stack
                0x0000000000000000        0x0 c:/program files/microchip/xc8/v2.36/avr/bin/../lib/gcc/avr/5.4.0/../../../../avr/lib/avr5/memx-const\libm.a(fp_cmp.o)
 .note.GNU-stack
                0x0000000000000000        0x0 c:/program files/microchip/xc8/v2.36/avr/bin/../lib/gcc/avr/5.4.0/../../../../avr/lib/avr5/memx-const\libm.a(fp_inf.o)
 .note.GNU-stack
                0x0000000000000000        0x0 c:/program files/microchip/xc8/v2.36/avr/bin/../lib/gcc/avr/5.4.0/../../../../avr/lib/avr5/memx-const\libm.a(fp_nan.o)
 .note.GNU-stack
                0x0000000000000000        0x0 c:/program files/microchip/xc8/v2.36/avr/bin/../lib/gcc/avr/5.4.0/../../../../avr/lib/avr5/memx-const\libm.a(fp_pscA.o)
 .note.GNU-stack
                0x0000000000000000        0x0 c:/program files/microchip/xc8/v2.36/avr/bin/../lib/gcc/avr/5.4.0/../../../../avr/lib/avr5/memx-const\libm.a(fp_pscB.o)
 .note.GNU-stack
                0x0000000000000000        0x0 c:/program files/microchip/xc8/v2.36/avr/bin/../lib/gcc/avr/5.4.0/../../../../avr/lib/avr5/memx-const\libm.a(fp_round.o)
 .note.GNU-stack
                0x0000000000000000        0x0 c:/program files/microchip/xc8/v2.36/avr/bin/../lib/gcc/avr/5.4.0/../../../../avr/lib/avr5/memx-const\libm.a(fp_split3.o)
 .note.GNU-stack
                0x0000000000000000        0x0 c:/program files/microchip/xc8/v2.36/avr/bin/../lib/gcc/avr/5.4.0/../../../../avr/lib/avr5/memx-const\libm.a(fp_zero.o)
 .note.GNU-stack
                0x0000000000000000        0x0 c:/program files/microchip/xc8/v2.36/avr/bin/../lib/gcc/avr/5.4.0/../../../../avr/lib/avr5/memx-const\libm.a(gesf2.o)
 .note.GNU-stack
                0x0000000000000000        0x0 c:/program files/microchip/xc8/v2.36/avr/bin/../lib/gcc/avr/5.4.0/../../../../avr/lib/avr5/memx-const\libm.a(mulsf3.o)
 .note.GNU-stack
                0x0000000000000000        0x0 c:/program files/microchip/xc8/v2.36/avr/bin/../lib/gcc/avr/5.4.0/../../../../avr/lib/avr5/memx-const\libm.a(mulsf3x.o)
 .note.GNU-stack
                0x0000000000000000        0x0 c:/program files/microchip/xc8/v2.36/avr/bin/../lib/gcc/avr/5.4.0/../../../../avr/lib/avr5/memx-const\libc.a(exit.o)
 .note.GNU-stack
                0x0000000000000000        0x0 c:/program files/microchip/xc8/v2.36/avr/bin/../lib/gcc/avr/5.4.0/../../../../avr/lib/avr5/memx-const\libc.a(_Exit.o)

.note.gnu.build-id
 *(.note.gnu.build-id)

.debug
 *(.debug)

.line
 *(.line)

.debug_srcinfo
 *(.debug_srcinfo)

.debug_sfnames
 *(.debug_sfnames)

.debug_aranges  0x0000000000000000      0x308
 *(.debug_aranges)
 .debug_aranges
                0x0000000000000000       0x28 APP/main.o
 .debug_aranges
                0x0000000000000028       0x40 HAL/Buzzer/Buzzer_Prog.o
 .debug_aranges
                0x0000000000000068       0x58 HAL/DCMotor/DCMotor_Prog.o
 .debug_aranges
                0x00000000000000c0       0x38 HAL/KeyPad/KeyPad_Prog.o
 .debug_aranges
                0x00000000000000f8       0x80 HAL/LCD/LCD_Prog.o
 .debug_aranges
                0x0000000000000178       0x38 HAL/LED/LED_Prog.o
 .debug_aranges
                0x00000000000001b0       0x28 MCAL/ADC/ADC_Prog.o
 .debug_aranges
                0x00000000000001d8       0x40 MCAL/DIO/DIO_Prog.o
 .debug_aranges
                0x0000000000000218       0x28 MCAL/GIE/GIE_Prog.o
 .debug_aranges
                0x0000000000000240       0x70 MCAL/Timer/Timer_Prog.o
 .debug_aranges
                0x00000000000002b0       0x58 MCAL/UART/UART_Prog.o

.debug_pubnames
 *(.debug_pubnames)

.debug_info     0x0000000000000000     0x517e
 *(.debug_info .gnu.linkonce.wi.*)
 .debug_info    0x0000000000000000      0x4e6 C:/Program Files (x86)/Atmel/Studio/7.0/Packs/atmel/ATmega_DFP/1.7.374/xc8/avr/lib/avr5/memx-const/crtatmega32.o
 .debug_info    0x00000000000004e6      0xb30 APP/main.o
 .debug_info    0x0000000000001016      0x622 HAL/Buzzer/Buzzer_Prog.o
 .debug_info    0x0000000000001638      0x5bf HAL/DCMotor/DCMotor_Prog.o
 .debug_info    0x0000000000001bf7      0xa49 HAL/KeyPad/KeyPad_Prog.o
 .debug_info    0x0000000000002640      0xf1a HAL/LCD/LCD_Prog.o
 .debug_info    0x000000000000355a      0x568 HAL/LED/LED_Prog.o
 .debug_info    0x0000000000003ac2      0x2d5 MCAL/ADC/ADC_Prog.o
 .debug_info    0x0000000000003d97      0x431 MCAL/DIO/DIO_Prog.o
 .debug_info    0x00000000000041c8      0x29d MCAL/GIE/GIE_Prog.o
 .debug_info    0x0000000000004465      0x75d MCAL/Timer/Timer_Prog.o
 .debug_info    0x0000000000004bc2      0x5bc MCAL/UART/UART_Prog.o

.debug_abbrev   0x0000000000000000     0x1138
 *(.debug_abbrev)
 .debug_abbrev  0x0000000000000000      0x4a3 C:/Program Files (x86)/Atmel/Studio/7.0/Packs/atmel/ATmega_DFP/1.7.374/xc8/avr/lib/avr5/memx-const/crtatmega32.o
 .debug_abbrev  0x00000000000004a3      0x16c APP/main.o
 .debug_abbrev  0x000000000000060f      0x129 HAL/Buzzer/Buzzer_Prog.o
 .debug_abbrev  0x0000000000000738       0xa7 HAL/DCMotor/DCMotor_Prog.o
 .debug_abbrev  0x00000000000007df      0x1dd HAL/KeyPad/KeyPad_Prog.o
 .debug_abbrev  0x00000000000009bc      0x231 HAL/LCD/LCD_Prog.o
 .debug_abbrev  0x0000000000000bed       0x8d HAL/LED/LED_Prog.o
 .debug_abbrev  0x0000000000000c7a       0x7e MCAL/ADC/ADC_Prog.o
 .debug_abbrev  0x0000000000000cf8       0xc7 MCAL/DIO/DIO_Prog.o
 .debug_abbrev  0x0000000000000dbf       0x46 MCAL/GIE/GIE_Prog.o
 .debug_abbrev  0x0000000000000e05      0x165 MCAL/Timer/Timer_Prog.o
 .debug_abbrev  0x0000000000000f6a      0x1ce MCAL/UART/UART_Prog.o

.debug_line     0x0000000000000000     0x1b2f
 *(.debug_line .debug_line.* .debug_line_end)
 .debug_line    0x0000000000000000      0x119 C:/Program Files (x86)/Atmel/Studio/7.0/Packs/atmel/ATmega_DFP/1.7.374/xc8/avr/lib/avr5/memx-const/crtatmega32.o
 .debug_line    0x0000000000000119      0x493 APP/main.o
 .debug_line    0x00000000000005ac      0x1f8 HAL/Buzzer/Buzzer_Prog.o
 .debug_line    0x00000000000007a4      0x163 HAL/DCMotor/DCMotor_Prog.o
 .debug_line    0x0000000000000907      0x339 HAL/KeyPad/KeyPad_Prog.o
 .debug_line    0x0000000000000c40      0x4f3 HAL/LCD/LCD_Prog.o
 .debug_line    0x0000000000001133      0x146 HAL/LED/LED_Prog.o
 .debug_line    0x0000000000001279      0x150 MCAL/ADC/ADC_Prog.o
 .debug_line    0x00000000000013c9      0x1dd MCAL/DIO/DIO_Prog.o
 .debug_line    0x00000000000015a6       0x6c MCAL/GIE/GIE_Prog.o
 .debug_line    0x0000000000001612      0x2f0 MCAL/Timer/Timer_Prog.o
 .debug_line    0x0000000000001902      0x22d MCAL/UART/UART_Prog.o

.debug_frame    0x0000000000000000      0x694
 *(.debug_frame)
 .debug_frame   0x0000000000000000       0x44 APP/main.o
 .debug_frame   0x0000000000000044       0x64 HAL/Buzzer/Buzzer_Prog.o
 .debug_frame   0x00000000000000a8       0x94 HAL/DCMotor/DCMotor_Prog.o
 .debug_frame   0x000000000000013c       0x74 HAL/KeyPad/KeyPad_Prog.o
 .debug_frame   0x00000000000001b0      0x1a8 HAL/LCD/LCD_Prog.o
 .debug_frame   0x0000000000000358       0x54 HAL/LED/LED_Prog.o
 .debug_frame   0x00000000000003ac       0x34 MCAL/ADC/ADC_Prog.o
 .debug_frame   0x00000000000003e0       0x64 MCAL/DIO/DIO_Prog.o
 .debug_frame   0x0000000000000444       0x34 MCAL/GIE/GIE_Prog.o
 .debug_frame   0x0000000000000478      0x12c MCAL/Timer/Timer_Prog.o
 .debug_frame   0x00000000000005a4       0xf0 MCAL/UART/UART_Prog.o

.debug_str      0x0000000000000000      0x638
 *(.debug_str)
 .debug_str     0x0000000000000000      0x196 C:/Program Files (x86)/Atmel/Studio/7.0/Packs/atmel/ATmega_DFP/1.7.374/xc8/avr/lib/avr5/memx-const/crtatmega32.o
 .debug_str     0x0000000000000196      0x23b APP/main.o
 .debug_str     0x00000000000003d1       0x32 HAL/Buzzer/Buzzer_Prog.o
 .debug_str     0x0000000000000403       0x8f HAL/DCMotor/DCMotor_Prog.o
 .debug_str     0x0000000000000492       0x62 HAL/KeyPad/KeyPad_Prog.o
 .debug_str     0x00000000000004f4       0x50 HAL/LCD/LCD_Prog.o
 .debug_str     0x0000000000000544       0x50 HAL/LED/LED_Prog.o
 .debug_str     0x0000000000000594        0x0 MCAL/ADC/ADC_Prog.o
 .debug_str     0x0000000000000594       0x35 MCAL/DIO/DIO_Prog.o
 .debug_str     0x00000000000005c9        0x0 MCAL/GIE/GIE_Prog.o
 .debug_str     0x00000000000005c9       0x42 MCAL/Timer/Timer_Prog.o
 .debug_str     0x000000000000060b       0x2d MCAL/UART/UART_Prog.o

.debug_loc      0x0000000000000000     0x193b
 *(.debug_loc)
 .debug_loc     0x0000000000000000      0x191 APP/main.o
 .debug_loc     0x0000000000000191      0x1ae HAL/Buzzer/Buzzer_Prog.o
 .debug_loc     0x000000000000033f       0x66 HAL/DCMotor/DCMotor_Prog.o
 .debug_loc     0x00000000000003a5      0x1a3 HAL/KeyPad/KeyPad_Prog.o
 .debug_loc     0x0000000000000548      0x8ae HAL/LCD/LCD_Prog.o
 .debug_loc     0x0000000000000df6      0x278 HAL/LED/LED_Prog.o
 .debug_loc     0x000000000000106e       0x96 MCAL/ADC/ADC_Prog.o
 .debug_loc     0x0000000000001104      0x27a MCAL/DIO/DIO_Prog.o
 .debug_loc     0x000000000000137e      0x377 MCAL/Timer/Timer_Prog.o
 .debug_loc     0x00000000000016f5      0x246 MCAL/UART/UART_Prog.o

.debug_macinfo
 *(.debug_macinfo)

.debug_weaknames
 *(.debug_weaknames)

.debug_funcnames
 *(.debug_funcnames)

.debug_typenames
 *(.debug_typenames)

.debug_varnames
 *(.debug_varnames)

.debug_pubtypes
 *(.debug_pubtypes)

.debug_ranges   0x0000000000000000      0x258
 *(.debug_ranges)
 .debug_ranges  0x0000000000000000       0x18 APP/main.o
 .debug_ranges  0x0000000000000018       0x30 HAL/Buzzer/Buzzer_Prog.o
 .debug_ranges  0x0000000000000048       0x48 HAL/DCMotor/DCMotor_Prog.o
 .debug_ranges  0x0000000000000090       0x28 HAL/KeyPad/KeyPad_Prog.o
 .debug_ranges  0x00000000000000b8       0x70 HAL/LCD/LCD_Prog.o
 .debug_ranges  0x0000000000000128       0x28 HAL/LED/LED_Prog.o
 .debug_ranges  0x0000000000000150       0x18 MCAL/ADC/ADC_Prog.o
 .debug_ranges  0x0000000000000168       0x30 MCAL/DIO/DIO_Prog.o
 .debug_ranges  0x0000000000000198       0x18 MCAL/GIE/GIE_Prog.o
 .debug_ranges  0x00000000000001b0       0x60 MCAL/Timer/Timer_Prog.o
 .debug_ranges  0x0000000000000210       0x48 MCAL/UART/UART_Prog.o

.debug_macro
 *(.debug_macro)
OUTPUT(Project4.elf elf32-avr)
LOAD linker stubs
LOAD data_init

.note.gnu.avr.deviceinfo
                0x0000000000000000       0x3c
 .note.gnu.avr.deviceinfo
                0x0000000000000000       0x3c C:/Program Files (x86)/Atmel/Studio/7.0/Packs/atmel/ATmega_DFP/1.7.374/xc8/avr/lib/avr5/memx-const/crtatmega32.o

.bss.Local_U8_CounterHigh
                0x000000000080008b        0x1
 .bss.Local_U8_CounterHigh
                0x000000000080008b        0x1 APP/main.o
                0x000000000080008b                Local_U8_CounterHigh

.bss.Local_U8_CounterLow
                0x000000000080008c        0x1
 .bss.Local_U8_CounterLow
                0x000000000080008c        0x1 APP/main.o
                0x000000000080008c                Local_U8_CounterLow

.bss.Local_U8_UARTSwitch
                0x000000000080008d        0x1
 .bss.Local_U8_UARTSwitch
                0x000000000080008d        0x1 APP/main.o
                0x000000000080008d                Local_U8_UARTSwitch

.bss.Local_U8_Switch
                0x000000000080008e        0x1
 .bss.Local_U8_Switch
                0x000000000080008e        0x1 APP/main.o
                0x000000000080008e                Local_U8_Switch

.bss.Global_A_U8P_InputHigh
                0x0000000000800087        0x2
 .bss.Global_A_U8P_InputHigh
                0x0000000000800087        0x2 APP/main.o
                0x0000000000800087                Global_A_U8P_InputHigh

.bss.Global_A_U8P_InputLow
                0x0000000000800089        0x2
 .bss.Global_A_U8P_InputLow
                0x0000000000800089        0x2 APP/main.o
                0x0000000000800089                Global_A_U8P_InputLow

.bss.Global_A_F32_Temp
                0x000000000080007b        0x4
 .bss.Global_A_F32_Temp
                0x000000000080007b        0x4 APP/main.o
                0x000000000080007b                Global_A_F32_Temp

.bss.Local_U32_Counter.1760
                0x000000000080007f        0x4
 .bss.Local_U32_Counter.1760
                0x000000000080007f        0x4 MCAL/Timer/Timer_Prog.o

.bss.Timer_U8_RemTicks
                0x0000000000800091        0x1
 .bss.Timer_U8_RemTicks
                0x0000000000800091        0x1 MCAL/Timer/Timer_Prog.o
                0x0000000000800091                Timer_U8_RemTicks

.bss.Timer_U32_NumOfOverFlows
                0x0000000000800083        0x4
 .bss.Timer_U32_NumOfOverFlows
                0x0000000000800083        0x4 MCAL/Timer/Timer_Prog.o
                0x0000000000800083                Timer_U32_NumOfOverFlows

.progmemx.data  0x00000000000000c6        0xc
 .progmemx.data
                0x00000000000000c6        0xc APP/main.o

.text.main      0x00000000000000d2      0x334
 .text.main     0x00000000000000d2      0x334 APP/main.o
                0x00000000000000d2                main

.text.M_DIO_Void_SetPinDirection
                0x0000000000000406      0x112
 .text.M_DIO_Void_SetPinDirection
                0x0000000000000406      0x112 MCAL/DIO/DIO_Prog.o
                0x0000000000000406                M_DIO_Void_SetPinDirection

.text.M_DIO_Void_SetPinValue
                0x0000000000000518      0x112
 .text.M_DIO_Void_SetPinValue
                0x0000000000000518      0x112 MCAL/DIO/DIO_Prog.o
                0x0000000000000518                M_DIO_Void_SetPinValue

.text.M_DIO_Void_SetPinPullUpRes
                0x000000000000062a      0x112
 .text.M_DIO_Void_SetPinPullUpRes
                0x000000000000062a      0x112 MCAL/DIO/DIO_Prog.o
                0x000000000000062a                M_DIO_Void_SetPinPullUpRes

.text.H_LCD_Void_LCDWriteFloat
                0x000000000000073c       0xe0
 .text.H_LCD_Void_LCDWriteFloat
                0x000000000000073c       0xe0 HAL/LCD/LCD_Prog.o
                0x000000000000073c                H_LCD_Void_LCDWriteFloat

.text.A_UART_Void_UARTExecution
                0x000000000000081c       0xde
 .text.A_UART_Void_UARTExecution
                0x000000000000081c       0xde APP/main.o
                0x000000000000081c                A_UART_Void_UARTExecution

.text           0x00000000000008fa       0xde
 .text          0x00000000000008fa       0xde c:/program files/microchip/xc8/v2.36/avr/bin/../lib/gcc/avr/5.4.0/../../../../avr/lib/avr5/memx-const\libm.a(divsf3x.o)
                0x00000000000008fa                __divsf3x
                0x0000000000000922                __divsf3_pse

.text           0x00000000000009d8       0xd4
 .text          0x00000000000009d8       0xd4 c:/program files/microchip/xc8/v2.36/avr/bin/../lib/gcc/avr/5.4.0/../../../../avr/lib/avr5/memx-const\libm.a(mulsf3x.o)
                0x00000000000009d8                __mulsf3x
                0x00000000000009fe                __mulsf3_pse

.text           0x0000000000000aac       0xce
 .text          0x0000000000000aac       0xce c:/program files/microchip/xc8/v2.36/avr/bin/../lib/gcc/avr/5.4.0/../../../../avr/lib/avr5/memx-const\libm.a(addsf3x.o)
                0x0000000000000aac                __addsf3x

.text.H_KeyPad_U8_KeyPadRead
                0x0000000000000b7a       0xbc
 .text.H_KeyPad_U8_KeyPadRead
                0x0000000000000b7a       0xbc HAL/KeyPad/KeyPad_Prog.o
                0x0000000000000b7a                H_KeyPad_U8_KeyPadRead

.text.M_ADC_U16_ADCRead
                0x0000000000000c36       0xbc
 .text.M_ADC_U16_ADCRead
                0x0000000000000c36       0xbc MCAL/ADC/ADC_Prog.o
                0x0000000000000c36                M_ADC_U16_ADCRead

.text.H_LCD_Void_LCDWriteNumber
                0x0000000000000cf2       0xb0
 .text.H_LCD_Void_LCDWriteNumber
                0x0000000000000cf2       0xb0 HAL/LCD/LCD_Prog.o
                0x0000000000000cf2                H_LCD_Void_LCDWriteNumber

.text.__vector_11
                0x0000000000000da2       0xa6
 .text.__vector_11
                0x0000000000000da2       0xa6 MCAL/Timer/Timer_Prog.o
                0x0000000000000da2                __vector_11

.text.M_DIO_U8_GetPinValue
                0x0000000000000e48       0x88
 .text.M_DIO_U8_GetPinValue
                0x0000000000000e48       0x88 MCAL/DIO/DIO_Prog.o
                0x0000000000000e48                M_DIO_U8_GetPinValue

.text.H_KeyPad_Void_KeyPadInit
                0x0000000000000ed0       0x82
 .text.H_KeyPad_Void_KeyPadInit
                0x0000000000000ed0       0x82 HAL/KeyPad/KeyPad_Prog.o
                0x0000000000000ed0                H_KeyPad_Void_KeyPadInit

.text           0x0000000000000f52       0x7a
 .text          0x0000000000000f52       0x7a c:/program files/microchip/xc8/v2.36/avr/bin/../lib/gcc/avr/5.4.0/../../../../avr/lib/avr5/memx-const\libm.a(floatsisf.o)
                0x0000000000000f52                __floatunsisf
                0x0000000000000f56                __floatsisf

.text.H_LCD_Void_LCDWriteCharacter
                0x0000000000000fcc       0x70
 .text.H_LCD_Void_LCDWriteCharacter
                0x0000000000000fcc       0x70 HAL/LCD/LCD_Prog.o
                0x0000000000000fcc                H_LCD_Void_LCDWriteCharacter

.text.H_LCD_Void_LCDWriteCommand
                0x000000000000103c       0x70
 .text.H_LCD_Void_LCDWriteCommand
                0x000000000000103c       0x70 HAL/LCD/LCD_Prog.o
                0x000000000000103c                H_LCD_Void_LCDWriteCommand

.text.H_LCD_Void_LCDInit
                0x00000000000010ac       0x66
 .text.H_LCD_Void_LCDInit
                0x00000000000010ac       0x66 HAL/LCD/LCD_Prog.o
                0x00000000000010ac                H_LCD_Void_LCDInit

.text           0x0000000000001112       0x5e
 .text          0x0000000000001112       0x5e c:/program files/microchip/xc8/v2.36/avr/bin/../lib/gcc/avr/5.4.0/../../../../avr/lib/avr5/memx-const\libm.a(fixunssfsi.o)
                0x0000000000001112                __fixunssfsi

.text.H_LED_Void_LedInit
                0x0000000000001170       0x58
 .text.H_LED_Void_LedInit
                0x0000000000001170       0x58 HAL/LED/LED_Prog.o
                0x0000000000001170                H_LED_Void_LedInit

.text.H_LED_Void_LedSetOn
                0x00000000000011c8       0x58
 .text.H_LED_Void_LedSetOn
                0x00000000000011c8       0x58 HAL/LED/LED_Prog.o
                0x00000000000011c8                H_LED_Void_LedSetOn

.text.H_LED_Void_LedSetOff
                0x0000000000001220       0x58
 .text.H_LED_Void_LedSetOff
                0x0000000000001220       0x58 HAL/LED/LED_Prog.o
                0x0000000000001220                H_LED_Void_LedSetOff

.text.__vector_13
                0x0000000000001278       0x4e
 .text.__vector_13
                0x0000000000001278       0x4e MCAL/UART/UART_Prog.o
                0x0000000000001278                __vector_13

.text           0x00000000000012c6       0x48
 .text          0x00000000000012c6       0x48 c:/program files/microchip/xc8/v2.36/avr/bin/../lib/gcc/avr/5.4.0/../../../../avr/lib/avr5/memx-const\libm.a(fp_cmp.o)
                0x00000000000012c6                __fp_cmp

.text           0x000000000000130e       0x44
 .text          0x000000000000130e       0x44 c:/program files/microchip/xc8/v2.36/avr/bin/../lib/gcc/avr/5.4.0/../../../../avr/lib/avr5/memx-const\libm.a(fp_split3.o)
                0x000000000000130e                __fp_split3
                0x000000000000131e                __fp_splitA

.text.libgcc.div
                0x0000000000001352       0x44
 .text.libgcc.div
                0x0000000000001352       0x44 c:/program files/microchip/xc8/v2.36/avr/bin/../lib/gcc/avr/5.4.0/avr5/memx-const\libgcc.a(_udivmodsi4.o)
                0x0000000000001352                __udivmodsi4

.text.H_LCD_Void_SetLCDPins
                0x0000000000001396       0x36
 .text.H_LCD_Void_SetLCDPins
                0x0000000000001396       0x36 HAL/LCD/LCD_Prog.o

.text.M_ADC_Void_ADCInit
                0x00000000000013cc       0x32
 .text.M_ADC_Void_ADCInit
                0x00000000000013cc       0x32 MCAL/ADC/ADC_Prog.o
                0x00000000000013cc                M_ADC_Void_ADCInit

.text.M_UART_Void_UARTInit
                0x00000000000013fe       0x32
 .text.M_UART_Void_UARTInit
                0x00000000000013fe       0x32 MCAL/UART/UART_Prog.o
                0x00000000000013fe                M_UART_Void_UARTInit

.text.H_LCD_Void_LCDGoTo
                0x0000000000001430       0x30
 .text.H_LCD_Void_LCDGoTo
                0x0000000000001430       0x30 HAL/LCD/LCD_Prog.o
                0x0000000000001430                H_LCD_Void_LCDGoTo

.text.libgcc.div
                0x0000000000001460       0x2e
 .text.libgcc.div
                0x0000000000001460       0x2e c:/program files/microchip/xc8/v2.36/avr/bin/../lib/gcc/avr/5.4.0/avr5/memx-const\libgcc.a(_divmodsi4.o)
                0x0000000000001460                __divmodsi4

.text.H_LCD_Void_LCDWriteString
                0x000000000000148e       0x26
 .text.H_LCD_Void_LCDWriteString
                0x000000000000148e       0x26 HAL/LCD/LCD_Prog.o
                0x000000000000148e                H_LCD_Void_LCDWriteString

.text           0x00000000000014b4       0x22
 .text          0x00000000000014b4       0x22 c:/program files/microchip/xc8/v2.36/avr/bin/../lib/gcc/avr/5.4.0/../../../../avr/lib/avr5/memx-const\libm.a(fp_round.o)
                0x00000000000014b4                __fp_round

.text.H_Buzzer_Void_BuzzerOnce
                0x00000000000014d6       0x1e
 .text.H_Buzzer_Void_BuzzerOnce
                0x00000000000014d6       0x1e HAL/Buzzer/Buzzer_Prog.o
                0x00000000000014d6                H_Buzzer_Void_BuzzerOnce

.text.libgcc    0x00000000000014f4       0x1a
 .text.libgcc   0x00000000000014f4       0x1a c:/program files/microchip/xc8/v2.36/avr/bin/../lib/gcc/avr/5.4.0/avr5/memx-const\libgcc.a(_movmemx.o)
                0x00000000000014f4                __movmemx_qi
                0x00000000000014f6                __movmemx_hi

.text.exit      0x000000000000150e       0x16
 .text.exit     0x000000000000150e       0x16 c:/program files/microchip/xc8/v2.36/avr/bin/../lib/gcc/avr/5.4.0/../../../../avr/lib/avr5/memx-const\libc.a(exit.o)
                0x000000000000150e                exit

.text.libgcc.div
                0x0000000000001524       0x10
 .text.libgcc.div
                0x0000000000001524       0x10 c:/program files/microchip/xc8/v2.36/avr/bin/../lib/gcc/avr/5.4.0/avr5/memx-const\libgcc.a(_negsi2.o)
                0x0000000000001524                __negsi2

.text           0x0000000000001534        0xe
 .text          0x0000000000001534        0xe c:/program files/microchip/xc8/v2.36/avr/bin/../lib/gcc/avr/5.4.0/../../../../avr/lib/avr5/memx-const\libm.a(addsf3.o)
                0x0000000000001534                __subsf3
                0x0000000000001536                __addsf3

.text           0x0000000000001542        0xe
 .text          0x0000000000001542        0xe c:/program files/microchip/xc8/v2.36/avr/bin/../lib/gcc/avr/5.4.0/../../../../avr/lib/avr5/memx-const\libm.a(fixsfsi.o)
                0x0000000000001542                __fixsfsi

.text           0x0000000000001550        0xe
 .text          0x0000000000001550        0xe c:/program files/microchip/xc8/v2.36/avr/bin/../lib/gcc/avr/5.4.0/../../../../avr/lib/avr5/memx-const\libm.a(fp_pscA.o)
                0x0000000000001550                __fp_pscA

.text           0x000000000000155e        0xe
 .text          0x000000000000155e        0xe c:/program files/microchip/xc8/v2.36/avr/bin/../lib/gcc/avr/5.4.0/../../../../avr/lib/avr5/memx-const\libm.a(fp_pscB.o)
                0x000000000000155e                __fp_pscB

.text           0x000000000000156c        0xe
 .text          0x000000000000156c        0xe c:/program files/microchip/xc8/v2.36/avr/bin/../lib/gcc/avr/5.4.0/../../../../avr/lib/avr5/memx-const\libm.a(fp_zero.o)
                0x000000000000156c                __fp_zero
                0x000000000000156e                __fp_szero

.text           0x000000000000157a        0xc
 .text          0x000000000000157a        0xc c:/program files/microchip/xc8/v2.36/avr/bin/../lib/gcc/avr/5.4.0/../../../../avr/lib/avr5/memx-const\libm.a(fp_inf.o)
                0x000000000000157a                __fp_inf

.text.H_Buzzer_Void_BuzzerInit
                0x0000000000001586        0xa
 .text.H_Buzzer_Void_BuzzerInit
                0x0000000000001586        0xa HAL/Buzzer/Buzzer_Prog.o
                0x0000000000001586                H_Buzzer_Void_BuzzerInit

.text.H_Buzzer_Void_BuzzerSetOn
                0x0000000000001590        0xa
 .text.H_Buzzer_Void_BuzzerSetOn
                0x0000000000001590        0xa HAL/Buzzer/Buzzer_Prog.o
                0x0000000000001590                H_Buzzer_Void_BuzzerSetOn

.text.H_Buzzer_Void_BuzzerSetOff
                0x000000000000159a        0xa
 .text.H_Buzzer_Void_BuzzerSetOff
                0x000000000000159a        0xa HAL/Buzzer/Buzzer_Prog.o
                0x000000000000159a                H_Buzzer_Void_BuzzerSetOff

.text.H_DCMotor_Void_ACMotorInit
                0x00000000000015a4        0xa
 .text.H_DCMotor_Void_ACMotorInit
                0x00000000000015a4        0xa HAL/DCMotor/DCMotor_Prog.o
                0x00000000000015a4                H_DCMotor_Void_ACMotorInit

.text.M_UART_Void_UARTSetCallBack
                0x00000000000015ae        0xa
 .text.M_UART_Void_UARTSetCallBack
                0x00000000000015ae        0xa MCAL/UART/UART_Prog.o
                0x00000000000015ae                M_UART_Void_UARTSetCallBack

.text           0x00000000000015b8        0xa
 .text          0x00000000000015b8        0xa c:/program files/microchip/xc8/v2.36/avr/bin/../lib/gcc/avr/5.4.0/../../../../avr/lib/avr5/memx-const\libm.a(gesf2.o)
                0x00000000000015b8                __gesf2
                0x00000000000015b8                __gtsf2

.text.H_LCD_Void_LCDClear
                0x00000000000015c2        0x8
 .text.H_LCD_Void_LCDClear
                0x00000000000015c2        0x8 HAL/LCD/LCD_Prog.o
                0x00000000000015c2                H_LCD_Void_LCDClear

.text.M_GIE_Void_GlobalInterruptEnable
                0x00000000000015ca        0x8
 .text.M_GIE_Void_GlobalInterruptEnable
                0x00000000000015ca        0x8 MCAL/GIE/GIE_Prog.o
                0x00000000000015ca                M_GIE_Void_GlobalInterruptEnable

.text           0x00000000000015d2        0x8
 .text          0x00000000000015d2        0x8 c:/program files/microchip/xc8/v2.36/avr/bin/../lib/gcc/avr/5.4.0/../../../../avr/lib/avr5/memx-const\libm.a(divsf3.o)
                0x00000000000015d2                __divsf3

.text           0x00000000000015da        0x8
 .text          0x00000000000015da        0x8 c:/program files/microchip/xc8/v2.36/avr/bin/../lib/gcc/avr/5.4.0/../../../../avr/lib/avr5/memx-const\libm.a(mulsf3.o)
                0x00000000000015da                __mulsf3

.text           0x00000000000015e2        0x6
 .text          0x00000000000015e2        0x6 c:/program files/microchip/xc8/v2.36/avr/bin/../lib/gcc/avr/5.4.0/../../../../avr/lib/avr5/memx-const\libm.a(fp_nan.o)
                0x00000000000015e2                __fp_nan

.text           0x00000000000015e8        0x4
 .text          0x00000000000015e8        0x4 C:/Program Files (x86)/Atmel/Studio/7.0/Packs/atmel/ATmega_DFP/1.7.374/xc8/avr/lib/avr5/memx-const/crtatmega32.o
                0x00000000000015e8                __vector_1
                0x00000000000015e8                __vector_12
                0x00000000000015e8                __bad_interrupt
                0x00000000000015e8                __vector_6
                0x00000000000015e8                __vector_3
                0x00000000000015e8                __vector_17
                0x00000000000015e8                __vector_19
                0x00000000000015e8                __vector_7
                0x00000000000015e8                __vector_5
                0x00000000000015e8                __vector_4
                0x00000000000015e8                __vector_9
                0x00000000000015e8                __vector_2
                0x00000000000015e8                __vector_15
                0x00000000000015e8                __vector_8
                0x00000000000015e8                __vector_14
                0x00000000000015e8                __vector_10
                0x00000000000015e8                __vector_16
                0x00000000000015e8                __vector_18
                0x00000000000015e8                __vector_20

.text._Exit     0x00000000000015ec        0x4
 .text._Exit    0x00000000000015ec        0x4 c:/program files/microchip/xc8/v2.36/avr/bin/../lib/gcc/avr/5.4.0/../../../../avr/lib/avr5/memx-const\libc.a(_Exit.o)
                0x00000000000015ec                _Exit

.text.__dummy_fini
                0x00000000000015f0        0x2
 .text.__dummy_fini
                0x00000000000015f0        0x2 c:/program files/microchip/xc8/v2.36/avr/bin/../lib/gcc/avr/5.4.0/../../../../avr/lib/avr5/memx-const\libc.a(exit.o)
                0x00000000000015f0                _fini

.text.__dummy_funcs_on_exit
                0x00000000000015f2        0x2
 .text.__dummy_funcs_on_exit
                0x00000000000015f2        0x2 c:/program files/microchip/xc8/v2.36/avr/bin/../lib/gcc/avr/5.4.0/../../../../avr/lib/avr5/memx-const\libc.a(exit.o)
                0x00000000000015f2                __funcs_on_exit

.text.__dummy_simulator_exit
                0x00000000000015f4        0x2
 .text.__dummy_simulator_exit
                0x00000000000015f4        0x2 c:/program files/microchip/xc8/v2.36/avr/bin/../lib/gcc/avr/5.4.0/../../../../avr/lib/avr5/memx-const\libc.a(exit.o)
                0x00000000000015f4                __simulator_exit

.rodata         0x000000000080006b       0x10 load address 0x00000000000015f6
 .rodata        0x000000000080006b       0x10 HAL/KeyPad/KeyPad_Prog.o

.data.Global_A_U8_SetHigh
                0x000000000080008f        0x1 load address 0x0000000000001606
 .data.Global_A_U8_SetHigh
                0x000000000080008f        0x1 APP/main.o
                0x000000000080008f                Global_A_U8_SetHigh

.data.Global_A_U8_SetLow
                0x0000000000800090        0x1 load address 0x0000000000001607
 .data.Global_A_U8_SetLow
                0x0000000000800090        0x1 APP/main.o
                0x0000000000800090                Global_A_U8_SetLow
